Component: ARM Compiler 5.06 update 6 (build 750) Tool: armlink [4d35ed]

==============================================================================

Section Cross References

    main.o(.text) refers to asmcalls.o(.text) for strOut
    main.o(.text) refers to main.o(.data) for Heap
    retarget_io.o(i.ITM_ReceiveChar) refers to retarget_io.o(.data) for ITM_RxBuffer
    retarget_io.o(i._sys_open) refers to strcmpv7m_pel.o(.text) for strcmp
    retarget_io.o(i._sys_read) refers to retarget_io.o(i.stdin_getchar) for stdin_getchar
    retarget_io.o(i._sys_read) refers to retarget_io.o(i.stdout_putchar) for stdout_putchar
    retarget_io.o(i._sys_write) refers to retarget_io.o(i.stdout_putchar) for stdout_putchar
    retarget_io.o(i.stdin_getchar) refers to retarget_io.o(i.ITM_ReceiveChar) for ITM_ReceiveChar
    retarget_io.o(i.stdout_putchar) refers to retarget_io.o(i.ITM_SendChar) for ITM_SendChar
    stm32f7xx_hal.o(i.HAL_DeInit) refers to stm32f7xx_hal.o(i.HAL_MspDeInit) for HAL_MspDeInit
    stm32f7xx_hal.o(i.HAL_Delay) refers to stm32f7xx_hal.o(i.HAL_GetTick) for HAL_GetTick
    stm32f7xx_hal.o(i.HAL_Delay) refers to stm32f7xx_hal.o(.data) for uwTickFreq
    stm32f7xx_hal.o(i.HAL_GetTick) refers to stm32f7xx_hal.o(.data) for uwTick
    stm32f7xx_hal.o(i.HAL_GetTickFreq) refers to stm32f7xx_hal.o(.data) for uwTickFreq
    stm32f7xx_hal.o(i.HAL_GetTickPrio) refers to stm32f7xx_hal.o(.data) for uwTickPrio
    stm32f7xx_hal.o(i.HAL_IncTick) refers to stm32f7xx_hal.o(.data) for uwTick
    stm32f7xx_hal.o(i.HAL_Init) refers to stm32f7xx_hal_cortex.o(i.HAL_NVIC_SetPriorityGrouping) for HAL_NVIC_SetPriorityGrouping
    stm32f7xx_hal.o(i.HAL_Init) refers to stm32f7xx_hal.o(i.HAL_InitTick) for HAL_InitTick
    stm32f7xx_hal.o(i.HAL_Init) refers to stm32f7xx_hal.o(i.HAL_MspInit) for HAL_MspInit
    stm32f7xx_hal.o(i.HAL_InitTick) refers to stm32f7xx_hal_cortex.o(i.HAL_SYSTICK_Config) for HAL_SYSTICK_Config
    stm32f7xx_hal.o(i.HAL_InitTick) refers to stm32f7xx_hal_cortex.o(i.HAL_NVIC_SetPriority) for HAL_NVIC_SetPriority
    stm32f7xx_hal.o(i.HAL_InitTick) refers to stm32f7xx_hal.o(.data) for uwTickFreq
    stm32f7xx_hal.o(i.HAL_InitTick) refers to system_stm32f7xx.o(.data) for SystemCoreClock
    stm32f7xx_hal.o(i.HAL_SetTickFreq) refers to stm32f7xx_hal.o(i.HAL_InitTick) for HAL_InitTick
    stm32f7xx_hal.o(i.HAL_SetTickFreq) refers to stm32f7xx_hal.o(.data) for uwTickFreq
    stm32f7xx_hal_cortex.o(i.HAL_NVIC_GetPriorityGrouping) refers to stm32f7xx_hal_cortex.o(i.__NVIC_GetPriorityGrouping) for __NVIC_GetPriorityGrouping
    stm32f7xx_hal_cortex.o(i.HAL_NVIC_SetPriority) refers to stm32f7xx_hal_cortex.o(i.__NVIC_GetPriorityGrouping) for __NVIC_GetPriorityGrouping
    stm32f7xx_hal_cortex.o(i.HAL_NVIC_SetPriority) refers to stm32f7xx_hal_cortex.o(i.__NVIC_SetPriority) for __NVIC_SetPriority
    stm32f7xx_hal_cortex.o(i.HAL_SYSTICK_Config) refers to stm32f7xx_hal_cortex.o(i.__NVIC_SetPriority) for __NVIC_SetPriority
    stm32f7xx_hal_cortex.o(i.HAL_SYSTICK_IRQHandler) refers to stm32f7xx_hal_cortex.o(i.HAL_SYSTICK_Callback) for HAL_SYSTICK_Callback
    stm32f7xx_hal_gpio.o(i.HAL_GPIO_EXTI_IRQHandler) refers to stm32f7xx_hal_gpio.o(i.HAL_GPIO_EXTI_Callback) for HAL_GPIO_EXTI_Callback
    stm32f7xx_hal_pwr.o(i.HAL_PWR_PVD_IRQHandler) refers to stm32f7xx_hal_pwr.o(i.HAL_PWR_PVDCallback) for HAL_PWR_PVDCallback
    stm32f7xx_hal_pwr_ex.o(i.HAL_PWREx_ControlVoltageScaling) refers to stm32f7xx_hal.o(i.HAL_GetTick) for HAL_GetTick
    stm32f7xx_hal_pwr_ex.o(i.HAL_PWREx_DisableBkUpReg) refers to stm32f7xx_hal.o(i.HAL_GetTick) for HAL_GetTick
    stm32f7xx_hal_pwr_ex.o(i.HAL_PWREx_DisableOverDrive) refers to stm32f7xx_hal.o(i.HAL_GetTick) for HAL_GetTick
    stm32f7xx_hal_pwr_ex.o(i.HAL_PWREx_EnableBkUpReg) refers to stm32f7xx_hal.o(i.HAL_GetTick) for HAL_GetTick
    stm32f7xx_hal_pwr_ex.o(i.HAL_PWREx_EnableOverDrive) refers to stm32f7xx_hal.o(i.HAL_GetTick) for HAL_GetTick
    stm32f7xx_hal_pwr_ex.o(i.HAL_PWREx_EnterUnderDriveSTOPMode) refers to stm32f7xx_hal.o(i.HAL_GetTick) for HAL_GetTick
    stm32f7xx_hal_rcc.o(i.HAL_RCC_ClockConfig) refers to stm32f7xx_hal.o(i.HAL_GetTick) for HAL_GetTick
    stm32f7xx_hal_rcc.o(i.HAL_RCC_ClockConfig) refers to stm32f7xx_hal_rcc.o(i.HAL_RCC_GetSysClockFreq) for HAL_RCC_GetSysClockFreq
    stm32f7xx_hal_rcc.o(i.HAL_RCC_ClockConfig) refers to stm32f7xx_hal.o(i.HAL_InitTick) for HAL_InitTick
    stm32f7xx_hal_rcc.o(i.HAL_RCC_ClockConfig) refers to system_stm32f7xx.o(.constdata) for AHBPrescTable
    stm32f7xx_hal_rcc.o(i.HAL_RCC_ClockConfig) refers to system_stm32f7xx.o(.data) for SystemCoreClock
    stm32f7xx_hal_rcc.o(i.HAL_RCC_DeInit) refers to stm32f7xx_hal.o(i.HAL_GetTick) for HAL_GetTick
    stm32f7xx_hal_rcc.o(i.HAL_RCC_DeInit) refers to stm32f7xx_hal.o(i.HAL_InitTick) for HAL_InitTick
    stm32f7xx_hal_rcc.o(i.HAL_RCC_DeInit) refers to system_stm32f7xx.o(.data) for SystemCoreClock
[...]
    x$fpl$trapveneer                         0x08004b7e   Section       48  trapv.o(x$fpl$trapveneer)
    $v0                                      0x08004b7e   Number         0  trapv.o(x$fpl$trapveneer)
    .constdata                               0x08004bae   Section       23  retarget_io.o(.constdata)
    x$fpl$usenofp                            0x08004bae   Section        0  usenofp.o(x$fpl$usenofp)
    .constdata                               0x08004bc8   Section        8  _printf_wctomb.o(.constdata)
    initial_mbstate                          0x08004bc8   Data           8  _printf_wctomb.o(.constdata)
    .constdata                               0x08004bd0   Section       40  _printf_hex_int_ll_ptr.o(.constdata)
    uc_hextab                                0x08004bd0   Data          20  _printf_hex_int_ll_ptr.o(.constdata)
    lc_hextab                                0x08004be4   Data          20  _printf_hex_int_ll_ptr.o(.constdata)
    .constdata                               0x08004bf8   Section       17  __printf_flags_ss_wp.o(.constdata)
    maptable                                 0x08004bf8   Data          17  __printf_flags_ss_wp.o(.constdata)
    .constdata                               0x08004c09   Section       38  _printf_fp_hex.o(.constdata)
    lc_hextab                                0x08004c09   Data          19  _printf_fp_hex.o(.constdata)
    uc_hextab                                0x08004c1c   Data          19  _printf_fp_hex.o(.constdata)
    .constdata                               0x08004c30   Section      148  bigflt0.o(.constdata)
    tenpwrs_x                                0x08004c30   Data          60  bigflt0.o(.constdata)
    tenpwrs_i                                0x08004c6c   Data          64  bigflt0.o(.constdata)
    c$$dinf                                  0x08004ce4   Section        8  fpconst.o(c$$dinf)
    c$$dmax                                  0x08004cec   Section        8  fpconst.o(c$$dmax)
    locale$$data                             0x08004cf4   Section       28  lc_numeric_c.o(locale$$data)
    __lcnum_c_name                           0x08004cf8   Data           2  lc_numeric_c.o(locale$$data)
    __lcnum_c_start                          0x08004d00   Data           0  lc_numeric_c.o(locale$$data)
    __lcnum_c_point                          0x08004d0c   Data           0  lc_numeric_c.o(locale$$data)
    __lcnum_c_thousands                      0x08004d0e   Data           0  lc_numeric_c.o(locale$$data)
    __lcnum_c_grouping                       0x08004d0f   Data           0  lc_numeric_c.o(locale$$data)
    locale$$data                             0x08004d10   Section      272  lc_ctype_c.o(locale$$data)
    __lcnum_c_end                            0x08004d10   Data           0  lc_numeric_c.o(locale$$data)
    __lcctype_c_name                         0x08004d14   Data           2  lc_ctype_c.o(locale$$data)
    __lcctype_c_start                        0x08004d1c   Data           0  lc_ctype_c.o(locale$$data)
    __lcctype_c_end                          0x08004e20   Data           0  lc_ctype_c.o(locale$$data)
    .data                                    0x20010000   Section     4112  main.o(.data)
    .data                                    0x20011010   Section        4  retarget_io.o(.data)
    .data                                    0x20011020   Section        4  asmcalls.o(.data)
    readVal                                  0x20011020   Data           4  asmcalls.o(.data)
    .data                                    0x20011024   Section        4  stdio_streams.o(.data)
    .data                                    0x20011028   Section        4  stdio_streams.o(.data)
    .data                                    0x2001102c   Section        4  stdio_streams.o(.data)
    .bss                                     0x20011030   Section       84  stdio_streams.o(.bss)
    .bss                                     0x20011084   Section       84  stdio_streams.o(.bss)
    .bss                                     0x200110d8   Section       84  stdio_streams.o(.bss)
    .bss                                     0x2001112c   Section       96  libspace.o(.bss)
    HEAP                                     0x20011190   Section      512  startup_stm32f746xx.o(HEAP)
    Heap_Mem                                 0x20011190   Data         512  startup_stm32f746xx.o(HEAP)
    STACK                                    0x20011390   Section     1024  startup_stm32f746xx.o(STACK)
    Stack_Mem                                0x20011390   Data        1024  startup_stm32f746xx.o(STACK)
    __initial_sp                             0x20011790   Data           0  startup_stm32f746xx.o(STACK)

    Global Symbols

    Symbol Name                              Value     Ov Type        Size  Object(Section)

    BuildAttributes$$THM_ISAv4$E$P$D$K$B$S$7EM$VFPi5$EXTD16$VFPS$VFMA$PE$PLD8$A:L22UL41UL21$X:L11$S22US41US21$IEEE1$IW$USESV6$~STKCKD$USESV7$~SHL$OTIME$ROPI$IEEEX$EBA8$UX$STANDARDLIB$REQ8$EABIv2 0x00000000   Number         0  anon$$obj.o ABSOLUTE
    __ARM_use_no_argv                        0x00000000   Number         0  main_asm.o ABSOLUTE
    _printf_flags                            0x00000000   Number         0  printf_stubs.o ABSOLUTE
    _printf_return_value                     0x00000000   Number         0  printf_stubs.o ABSOLUTE
    _printf_sizespec                         0x00000000   Number         0  printf_stubs.o ABSOLUTE
    _printf_widthprec                        0x00000000   Number         0  printf_stubs.o ABSOLUTE
    __ARM_exceptions_init                     - Undefined Weak Reference
    __alloca_initialize                       - Undefined Weak Reference
    __arm_preinit_                            - Undefined Weak Reference
    __cpp_initialize__aeabi_                  - Undefined Weak Reference
    __cxa_finalize                            - Undefined Weak Reference
    __sigvec_lookup                           - Undefined Weak Reference
    __user_heap_extent                        - Undefined Weak Reference
    _atexit_init                              - Undefined Weak Reference
    _call_atexit_fns                          - Undefined Weak Reference
    _clock_init                               - Undefined Weak Reference
    _fp_trap_init                             - Undefined Weak Reference
    _fp_trap_shutdown                         - Undefined Weak Reference
    _get_lc_collate                           - Undefined Weak Reference
    _get_lc_monetary                          - Undefined Weak Reference
    _get_lc_time                              - Undefined Weak Reference
    _getenv_init                              - Undefined Weak Reference
    _handle_redirection                       - Undefined Weak Reference
    _mutex_acquire                            - Undefined Weak Reference
    _mutex_free                               - Undefined Weak Reference
    _mutex_release                            - Undefined Weak Reference
    _printf_mbtowc                            - Undefined Weak Reference
    _printf_wc                                - Undefined Weak Reference
    _rand_init                                - Undefined Weak Reference
    _signal_finish                            - Undefined Weak Reference
    _signal_init                              - Undefined Weak Reference
    __Vectors_Size                           0x000001c8   Number         0  startup_stm32f746xx.o ABSOLUTE
    __Vectors                                0x08000000   Data           4  startup_stm32f746xx.o(RESET)
    __Vectors_End                            0x080001c8   Data           0  startup_stm32f746xx.o(RESET)
    __main                                   0x080001c9   Thumb Code     8  __main.o(!!!main)
    __scatterload                            0x080001d1   Thumb Code     0  __scatter.o(!!!scatter)
    __scatterload_rt2                        0x080001d1   Thumb Code    44  __scatter.o(!!!scatter)
    __scatterload_rt2_thumb_only             0x080001d1   Thumb Code     0  __scatter.o(!!!scatter)
    __scatterload_null                       0x080001df   Thumb Code     0  __scatter.o(!!!scatter)
    __decompress                             0x08000205   Thumb Code    58  __dczerorl.o(!!dczerorl)
    __decompress0                            0x08000205   Thumb Code     0  __dczerorl.o(!!dczerorl)
    __scatterload_zeroinit                   0x08000241   Thumb Code    28  __scatter_zi.o(!!handler_zi)
    _printf_n                                0x0800025d   Thumb Code     0  _printf_n.o(.ARM.Collect$$_printf_percent$$00000001)
    _printf_percent                          0x0800025d   Thumb Code     0  _printf_percent.o(.ARM.Collect$$_printf_percent$$00000000)
    _printf_p                                0x08000263   Thumb Code     0  _printf_p.o(.ARM.Collect$$_printf_percent$$00000002)
    _printf_f                                0x08000269   Thumb Code     0  _printf_f.o(.ARM.Collect$$_printf_percent$$00000003)
    _printf_e                                0x0800026f   Thumb Code     0  _printf_e.o(.ARM.Collect$$_printf_percent$$00000004)
    _printf_g                                0x08000275   Thumb Code     0  _printf_g.o(.ARM.Collect$$_printf_percent$$00000005)
    _printf_a                                0x0800027b   Thumb Code     0  _printf_a.o(.ARM.Collect$$_printf_percent$$00000006)
    _printf_ll                               0x08000281   Thumb Code     0  _printf_ll.o(.ARM.Collect$$_printf_percent$$00000007)
    _printf_i                                0x0800028b   Thumb Code     0  _printf_i.o(.ARM.Collect$$_printf_percent$$00000008)
    _printf_d                                0x08000291   Thumb Code     0  _printf_d.o(.ARM.Collect$$_printf_percent$$00000009)
    _printf_u                                0x08000297   Thumb Code     0  _printf_u.o(.ARM.Collect$$_printf_percent$$0000000A)
    _printf_o                                0x0800029d   Thumb Code     0  _printf_o.o(.ARM.Collect$$_printf_percent$$0000000B)
    _printf_x                                0x080002a3   Thumb Code     0  _printf_x.o(.ARM.Collect$$_printf_percent$$0000000C)
    _printf_lli                              0x080002a9   Thumb Code     0  _printf_lli.o(.ARM.Collect$$_printf_percent$$0000000D)
    _printf_lld                              0x080002af   Thumb Code     0  _printf_lld.o(.ARM.Collect$$_printf_percent$$0000000E)
    _printf_llu                              0x080002b5   Thumb Code     0  _printf_llu.o(.ARM.Collect$$_printf_percent$$0000000F)
    _printf_llo                              0x080002bb   Thumb Code     0  _printf_llo.o(.ARM.Collect$$_printf_percent$$00000010)
    _printf_llx                              0x080002c1   Thumb Code     0  _printf_llx.o(.ARM.Collect$$_printf_percent$$00000011)
    _printf_l                                0x080002c7   Thumb Code     0  _printf_l.o(.ARM.Collect$$_printf_percent$$00000012)
    _printf_c                                0x080002d1   Thumb Code     0  _printf_c.o(.ARM.Collect$$_printf_percent$$00000013)
    _printf_s                                0x080002d7   Thumb Code     0  _printf_s.o(.ARM.Collect$$_printf_percent$$00000014)
    _printf_lc                               0x080002dd   Thumb Code     0  _printf_lc.o(.ARM.Collect$$_printf_percent$$00000015)
    _printf_ls                               0x080002e3   Thumb Code     0  _printf_ls.o(.ARM.Collect$$_printf_percent$$00000016)
    _printf_percent_end                      0x080002e9   Thumb Code     0  _printf_percent_end.o(.ARM.Collect$$_printf_percent$$00000017)
    __rt_lib_init                            0x080002ed   Thumb Code     0  libinit.o(.ARM.Collect$$libinit$$00000000)
    __rt_lib_init_fp_1                       0x080002ef   Thumb Code     0  libinit2.o(.ARM.Collect$$libinit$$00000001)
    __rt_lib_init_heap_2                     0x080002f3   Thumb Code     0  libinit2.o(.ARM.Collect$$libinit$$00000005)
    __rt_lib_init_preinit_1                  0x080002f3   Thumb Code     0  libinit2.o(.ARM.Collect$$libinit$$00000004)
    __rt_lib_init_heap_1                     0x080002fb   Thumb Code     0  libinit2.o(.ARM.Collect$$libinit$$0000000A)
    __rt_lib_init_lc_common                  0x080002fb   Thumb Code     0  libinit2.o(.ARM.Collect$$libinit$$0000000F)
    __rt_lib_init_rand_1                     0x080002fb   Thumb Code     0  libinit2.o(.ARM.Collect$$libinit$$0000000E)
    __rt_lib_init_user_alloc_1               0x080002fb   Thumb Code     0  libinit2.o(.ARM.Collect$$libinit$$0000000C)
    __rt_lib_init_lc_collate_1               0x08000301   Thumb Code     0  libinit2.o(.ARM.Collect$$libinit$$00000011)
    __rt_lib_init_lc_ctype_2                 0x08000301   Thumb Code     0  libinit2.o(.ARM.Collect$$libinit$$00000012)
    __rt_lib_init_lc_ctype_1                 0x0800030d   Thumb Code     0  libinit2.o(.ARM.Collect$$libinit$$00000013)
    __rt_lib_init_lc_monetary_1              0x0800030d   Thumb Code     0  libinit2.o(.ARM.Collect$$libinit$$00000015)
    __rt_lib_init_lc_numeric_2               0x0800030d   Thumb Code     0  libinit2.o(.ARM.Collect$$libinit$$00000016)
    __rt_lib_init_atexit_1                   0x08000317   Thumb Code     0  libinit2.o(.ARM.Collect$$libinit$$0000001B)
    __rt_lib_init_clock_1                    0x08000317   Thumb Code     0  libinit2.o(.ARM.Collect$$libinit$$00000021)
    __rt_lib_init_fp_trap_1                  0x08000317   Thumb Code     0  libinit2.o(.ARM.Collect$$libinit$$0000001F)
    __rt_lib_init_getenv_1                   0x08000317   Thumb Code     0  libinit2.o(.ARM.Collect$$libinit$$00000023)
    __rt_lib_init_lc_numeric_1               0x08000317   Thumb Code     0  libinit2.o(.ARM.Collect$$libinit$$00000017)
    __rt_lib_init_lc_time_1                  0x08000317   Thumb Code     0  libinit2.o(.ARM.Collect$$libinit$$00000019)
    __rt_lib_init_signal_1                   0x08000317   Thumb Code     0  libinit2.o(.ARM.Collect$$libinit$$0000001D)
    __rt_lib_init_stdio_2                    0x08000317   Thumb Code     0  libinit2.o(.ARM.Collect$$libinit$$00000024)
    __rt_lib_init_alloca_1                   0x0800031b   Thumb Code     0  libinit2.o(.ARM.Collect$$libinit$$0000002E)
    __rt_lib_init_argv_1                     0x0800031b   Thumb Code     0  libinit2.o(.ARM.Collect$$libinit$$0000002C)
    __rt_lib_init_cpp_1                      0x0800031b   Thumb Code     0  libinit2.o(.ARM.Collect$$libinit$$00000032)
    __rt_lib_init_exceptions_1               0x0800031b   Thumb Code     0  libinit2.o(.ARM.Collect$$libinit$$00000030)
    __rt_lib_init_return                     0x0800031b   Thumb Code     0  libinit2.o(.ARM.Collect$$libinit$$00000033)
    __rt_lib_init_stdio_1                    0x0800031b   Thumb Code     0  libinit2.o(.ARM.Collect$$libinit$$00000025)
    __rt_lib_shutdown                        0x0800031d   Thumb Code     0  libshutdown.o(.ARM.Collect$$libshutdown$$00000000)
    __rt_lib_shutdown_cpp_1                  0x0800031f   Thumb Code     0  libshutdown2.o(.ARM.Collect$$libshutdown$$00000002)
    __rt_lib_shutdown_stdio_2                0x0800031f   Thumb Code     0  libshutdown2.o(.ARM.Collect$$libshutdown$$00000003)
    __rt_lib_shutdown_fp_trap_1              0x08000323   Thumb Code     0  libshutdown2.o(.ARM.Collect$$libshutdown$$00000007)
    __rt_lib_shutdown_heap_1                 0x08000323   Thumb Code     0  libshutdown2.o(.ARM.Collect$$libshutdown$$0000000F)
    __rt_lib_shutdown_return                 0x08000323   Thumb Code     0  libshutdown2.o(.ARM.Collect$$libshutdown$$00000010)
    __rt_lib_shutdown_signal_1               0x08000323   Thumb Code     0  libshutdown2.o(.ARM.Collect$$libshutdown$$0000000A)
    __rt_lib_shutdown_stdio_1                0x08000323   Thumb Code     0  libshutdown2.o(.ARM.Collect$$libshutdown$$00000004)
    __rt_lib_shutdown_user_alloc_1           0x08000323   Thumb Code     0  libshutdown2.o(.ARM.Collect$$libshutdown$$0000000C)
    __rt_entry                               0x08000325   Thumb Code     0  __rtentry.o(.ARM.Collect$$rtentry$$00000000)
    __rt_entry_presh_1                       0x08000325   Thumb Code     0  __rtentry2.o(.ARM.Collect$$rtentry$$00000002)
    __rt_entry_sh                            0x08000325   Thumb Code     0  __rtentry4.o(.ARM.Collect$$rtentry$$00000004)
    __rt_entry_li                            0x0800032b   Thumb Code     0  __rtentry2.o(.ARM.Collect$$rtentry$$0000000A)
    __rt_entry_postsh_1                      0x0800032b   Thumb Code     0  __rtentry2.o(.ARM.Collect$$rtentry$$00000009)
    __rt_entry_main                          0x0800032f   Thumb Code     0  __rtentry2.o(.ARM.Collect$$rtentry$$0000000D)
    __rt_entry_postli_1                      0x0800032f   Thumb Code     0  __rtentry2.o(.ARM.Collect$$rtentry$$0000000C)
    __rt_exit                                0x08000337   Thumb Code     0  rtexit.o(.ARM.Collect$$rtexit$$00000000)
    __rt_exit_ls                             0x08000339   Thumb Code     0  rtexit2.o(.ARM.Collect$$rtexit$$00000003)
    __rt_exit_prels_1                        0x08000339   Thumb Code     0  rtexit2.o(.ARM.Collect$$rtexit$$00000002)
    __rt_exit_exit                           0x0800033d   Thumb Code     0  rtexit2.o(.ARM.Collect$$rtexit$$00000004)
    _maybe_terminate_alloc                   0x08000345   Thumb Code     0  maybetermalloc1.o(.emb_text)
    asm_main                                 0x08000345   Thumb Code   354  main.o(.text)
    Reset_Handler                            0x08000559   Thumb Code     8  startup_stm32f746xx.o(.text)
    NMI_Handler                              0x08000561   Thumb Code     2  startup_stm32f746xx.o(.text)
    HardFault_Handler                        0x08000563   Thumb Code     2  startup_stm32f746xx.o(.text)
    MemManage_Handler                        0x08000565   Thumb Code     2  startup_stm32f746xx.o(.text)
    BusFault_Handler                         0x08000567   Thumb Code     2  startup_stm32f746xx.o(.text)
    UsageFault_Handler                       0x08000569   Thumb Code     2  startup_stm32f746xx.o(.text)
    SVC_Handler                              0x0800056b   Thumb Code     2  startup_stm32f746xx.o(.text)
    DebugMon_Handler                         0x0800056d   Thumb Code     2  startup_stm32f746xx.o(.text)
    PendSV_Handler                           0x0800056f   Thumb Code     2  startup_stm32f746xx.o(.text)
    SysTick_Handler                          0x08000571   Thumb Code     2  startup_stm32f746xx.o(.text)
    ADC_IRQHandler                           0x08000573   Thumb Code     0  startup_stm32f746xx.o(.text)
    CAN1_RX0_IRQHandler                      0x08000573   Thumb Code     0  startup_stm32f746xx.o(.text)
    CAN1_RX1_IRQHandler                      0x08000573   Thumb Code     0  startup_stm32f746xx.o(.text)
    CAN1_SCE_IRQHandler                      0x08000573   Thumb Code     0  startup_stm32f746xx.o(.text)
    CAN1_TX_IRQHandler                       0x08000573   Thumb Code     0  startup_stm32f746xx.o(.text)
    CAN2_RX0_IRQHandler                      0x08000573   Thumb Code     0  startup_stm32f746xx.o(.text)
    CAN2_RX1_IRQHandler                      0x08000573   Thumb Code     0  startup_stm32f746xx.o(.text)
    CAN2_SCE_IRQHandler                      0x08000573   Thumb Code     0  startup_stm32f746xx.o(.text)
    CAN2_TX_IRQHandler                       0x08000573   Thumb Code     0  startup_stm32f746xx.o(.text)
    CEC_IRQHandler                           0x08000573   Thumb Code     0  startup_stm32f746xx.o(.text)
    DCMI_IRQHandler                          0x08000573   Thumb Code     0  startup_stm32f746xx.o(.text)
    DMA1_Stream0_IRQHandler                  0x08000573   Thumb Code     0  startup_stm32f746xx.o(.text)
    DMA1_Stream1_IRQHandler                  0x08000573   Thumb Code     0  startup_stm32f746xx.o(.text)
    DMA1_Stream2_IRQHandler                  0x08000573   Thumb Code     0  startup_stm32f746xx.o(.text)
    DMA1_Stream3_IRQHandler                  0x08000573   Thumb Code     0  startup_stm32f746xx.o(.text)
    DMA1_Stream4_IRQHandler                  0x08000573   Thumb Code     0  startup_stm32f746xx.o(.text)
    DMA1_Stream5_IRQHandler                  0x08000573   Thumb Code     0  startup_stm32f746xx.o(.text)
    DMA1_Stream6_IRQHandler                  0x08000573   Thumb Code     0  startup_stm32f746xx.o(.text)
    DMA1_Stream7_IRQHandler                  0x08000573   Thumb Code     0  startup_stm32f746xx.o(.text)
    DMA2D_IRQHandler                         0x08000573   Thumb Code     0  startup_stm32f746xx.o(.text)
    DMA2_Stream0_IRQHandler                  0x08000573   Thumb Code     0  startup_stm32f746xx.o(.text)
    DMA2_Stream1_IRQHandler                  0x08000573   Thumb Code     0  startup_stm32f746xx.o(.text)
    DMA2_Stream2_IRQHandler                  0x08000573   Thumb Code     0  startup_stm32f746xx.o(.text)
    DMA2_Stream3_IRQHandler                  0x08000573   Thumb Code     0  startup_stm32f746xx.o(.text)
    DMA2_Stream4_IRQHandler                  0x08000573   Thumb Code     0  startup_stm32f746xx.o(.text)
    DMA2_Stream5_IRQHandler                  0x08000573   Thumb Code     0  startup_stm32f746xx.o(.text)
    DMA2_Stream6_IRQHandler                  0x08000573   Thumb Code     0  startup_stm32f746xx.o(.text)
    DMA2_Stream7_IRQHandler                  0x08000573   Thumb Code     0  startup_stm32f746xx.o(.text)
    ETH_IRQHandler                           0x08000573   Thumb Code     0  startup_stm32f746xx.o(.text)
    ETH_WKUP_IRQHandler                      0x08000573   Thumb Code     0  startup_stm32f746xx.o(.text)
    EXTI0_IRQHandler                         0x08000573   Thumb Code     0  startup_stm32f746xx.o(.text)
    EXTI15_10_IRQHandler                     0x08000573   Thumb Code     0  startup_stm32f746xx.o(.text)
    EXTI1_IRQHandler                         0x08000573   Thumb Code     0  startup_stm32f746xx.o(.text)
    EXTI2_IRQHandler                         0x08000573   Thumb Code     0  startup_stm32f746xx.o(.text)
    EXTI3_IRQHandler                         0x08000573   Thumb Code     0  startup_stm32f746xx.o(.text)
    EXTI4_IRQHandler                         0x08000573   Thumb Code     0  startup_stm32f746xx.o(.text)
    EXTI9_5_IRQHandler                       0x08000573   Thumb Code     0  startup_stm32f746xx.o(.text)
    FLASH_IRQHandler                         0x08000573   Thumb Code     0  startup_stm32f746xx.o(.text)
    FMC_IRQHandler                           0x08000573   Thumb Code     0  startup_stm32f746xx.o(.text)
    FPU_IRQHandler                           0x08000573   Thumb Code     0  startup_stm32f746xx.o(.text)
    I2C1_ER_IRQHandler                       0x08000573   Thumb Code     0  startup_stm32f746xx.o(.text)
    I2C1_EV_IRQHandler                       0x08000573   Thumb Code     0  startup_stm32f746xx.o(.text)
    I2C2_ER_IRQHandler                       0x08000573   Thumb Code     0  startup_stm32f746xx.o(.text)
    I2C2_EV_IRQHandler                       0x08000573   Thumb Code     0  startup_stm32f746xx.o(.text)
    I2C3_ER_IRQHandler                       0x08000573   Thumb Code     0  startup_stm32f746xx.o(.text)
    I2C3_EV_IRQHandler                       0x08000573   Thumb Code     0  startup_stm32f746xx.o(.text)
    I2C4_ER_IRQHandler                       0x08000573   Thumb Code     0  startup_stm32f746xx.o(.text)
    I2C4_EV_IRQHandler                       0x08000573   Thumb Code     0  startup_stm32f746xx.o(.text)
    LPTIM1_IRQHandler                        0x08000573   Thumb Code     0  startup_stm32f746xx.o(.text)
    LTDC_ER_IRQHandler                       0x08000573   Thumb Code     0  startup_stm32f746xx.o(.text)
    LTDC_IRQHandler                          0x08000573   Thumb Code     0  startup_stm32f746xx.o(.text)
    OTG_FS_IRQHandler                        0x08000573   Thumb Code     0  startup_stm32f746xx.o(.text)
    OTG_FS_WKUP_IRQHandler                   0x08000573   Thumb Code     0  startup_stm32f746xx.o(.text)
    OTG_HS_EP1_IN_IRQHandler                 0x08000573   Thumb Code     0  startup_stm32f746xx.o(.text)
    OTG_HS_EP1_OUT_IRQHandler                0x08000573   Thumb Code     0  startup_stm32f746xx.o(.text)
    OTG_HS_IRQHandler                        0x08000573   Thumb Code     0  startup_stm32f746xx.o(.text)
    OTG_HS_WKUP_IRQHandler                   0x08000573   Thumb Code     0  startup_stm32f746xx.o(.text)
    PVD_IRQHandler                           0x08000573   Thumb Code     0  startup_stm32f746xx.o(.text)
    QUADSPI_IRQHandler                       0x08000573   Thumb Code     0  startup_stm32f746xx.o(.text)
    RCC_IRQHandler                           0x08000573   Thumb Code     0  startup_stm32f746xx.o(.text)
    RNG_IRQHandler                           0x08000573   Thumb Code     0  startup_stm32f746xx.o(.text)
    RTC_Alarm_IRQHandler                     0x08000573   Thumb Code     0  startup_stm32f746xx.o(.text)
    RTC_WKUP_IRQHandler                      0x08000573   Thumb Code     0  startup_stm32f746xx.o(.text)
    SAI1_IRQHandler                          0x08000573   Thumb Code     0  startup_stm32f746xx.o(.text)
    SAI2_IRQHandler                          0x08000573   Thumb Code     0  startup_stm32f746xx.o(.text)
    SDMMC1_IRQHandler                        0x08000573   Thumb Code     0  startup_stm32f746xx.o(.text)
    SPDIF_RX_IRQHandler                      0x08000573   Thumb Code     0  startup_stm32f746xx.o(.text)
    SPI1_IRQHandler                          0x08000573   Thumb Code     0  startup_stm32f746xx.o(.text)
    SPI2_IRQHandler                          0x08000573   Thumb Code     0  startup_stm32f746xx.o(.text)
    SPI3_IRQHandler                          0x08000573   Thumb Code     0  startup_stm32f746xx.o(.text)
    SPI4_IRQHandler                          0x08000573   Thumb Code     0  startup_stm32f746xx.o(.text)
    SPI5_IRQHandler                          0x08000573   Thumb Code     0  startup_stm32f746xx.o(.text)
    SPI6_IRQHandler                          0x08000573   Thumb Code     0  startup_stm32f746xx.o(.text)
    TAMP_STAMP_IRQHandler                    0x08000573   Thumb Code     0  startup_stm32f746xx.o(.text)
    TIM1_BRK_TIM9_IRQHandler                 0x08000573   Thumb Code     0  startup_stm32f746xx.o(.text)
    TIM1_CC_IRQHandler                       0x08000573   Thumb Code     0  startup_stm32f746xx.o(.text)
    TIM1_TRG_COM_TIM11_IRQHandler            0x08000573   Thumb Code     0  startup_stm32f746xx.o(.text)
    TIM1_UP_TIM10_IRQHandler                 0x08000573   Thumb Code     0  startup_stm32f746xx.o(.text)
    TIM2_IRQHandler                          0x08000573   Thumb Code     0  startup_stm32f746xx.o(.text)
    TIM3_IRQHandler                          0x08000573   Thumb Code     0  startup_stm32f746xx.o(.text)
    TIM4_IRQHandler                          0x08000573   Thumb Code     0  startup_stm32f746xx.o(.text)
    TIM5_IRQHandler                          0x08000573   Thumb Code     0  startup_stm32f746xx.o(.text)
    TIM6_DAC_IRQHandler                      0x08000573   Thumb Code     0  startup_stm32f746xx.o(.text)
    TIM7_IRQHandler                          0x08000573   Thumb Code     0  startup_stm32f746xx.o(.text)
    TIM8_BRK_TIM12_IRQHandler                0x08000573   Thumb Code     0  startup_stm32f746xx.o(.text)
    TIM8_CC_IRQHandler                       0x08000573   Thumb Code     0  startup_stm32f746xx.o(.text)
    TIM8_TRG_COM_TIM14_IRQHandler            0x08000573   Thumb Code     0  startup_stm32f746xx.o(.text)
    TIM8_UP_TIM13_IRQHandler                 0x08000573   Thumb Code     0  startup_stm32f746xx.o(.text)
    UART4_IRQHandler                         0x08000573   Thumb Code     0  startup_stm32f746xx.o(.text)
    UART5_IRQHandler                         0x08000573   Thumb Code     0  startup_stm32f746xx.o(.text)
    UART7_IRQHandler                         0x08000573   Thumb Code     0  startup_stm32f746xx.o(.text)
    UART8_IRQHandler                         0x08000573   Thumb Code     0  startup_stm32f746xx.o(.text)
    USART1_IRQHandler                        0x08000573   Thumb Code     0  startup_stm32f746xx.o(.text)
    USART2_IRQHandler                        0x08000573   Thumb Code     0  startup_stm32f746xx.o(.text)
    USART3_IRQHandler                        0x08000573   Thumb Code     0  startup_stm32f746xx.o(.text)
    USART6_IRQHandler                        0x08000573   Thumb Code     0  startup_stm32f746xx.o(.text)
    WWDG_IRQHandler                          0x08000573   Thumb Code     0  startup_stm32f746xx.o(.text)
    __user_initial_stackheap                 0x08000575   Thumb Code     0  startup_stm32f746xx.o(.text)
    decOut                                   0x08000599   Thumb Code     0  asmcalls.o(.text)
    strOut                                   0x080005a9   Thumb Code     0  asmcalls.o(.text)
    decIn                                    0x080005b9   Thumb Code     0  asmcalls.o(.text)
    strIn                                    0x080005d1   Thumb Code     0  asmcalls.o(.text)
    printf                                   0x08000629   Thumb Code    20  printf.o(.text)
    scanf                                    0x08000641   Thumb Code    26  scanf.o(.text)
    getchar                                  0x08000661   Thumb Code     6  getchar.o(.text)
    strcmp                                   0x0800066d   Thumb Code   104  strcmpv7m_pel.o(.text)
    __use_two_region_memory                  0x080006d5   Thumb Code     2  heapauxi.o(.text)
    __rt_heap_escrow                         0x080006d7   Thumb Code     2  heapauxi.o(.text)
    __rt_heap_expand                         0x080006d9   Thumb Code     2  heapauxi.o(.text)
    _printf_pre_padding                      0x080006db   Thumb Code    44  _printf_pad.o(.text)
    _printf_post_padding                     0x08000707   Thumb Code    34  _printf_pad.o(.text)
    _printf_truncate_signed                  0x08000729   Thumb Code    18  _printf_truncate.o(.text)
    _printf_truncate_unsigned                0x0800073b   Thumb Code    18  _printf_truncate.o(.text)
    _printf_str                              0x0800074d   Thumb Code    82  _printf_str.o(.text)
    _printf_int_dec                          0x080007a1   Thumb Code   104  _printf_dec.o(.text)
    _printf_charcount                        0x08000819   Thumb Code    40  _printf_charcount.o(.text)
    _printf_char_file                        0x08000841   Thumb Code    32  _printf_char_file.o(.text)
    _printf_wctomb                           0x08000865   Thumb Code   182  _printf_wctomb.o(.text)
    _printf_longlong_dec                     0x08000921   Thumb Code   108  _printf_longlong_dec.o(.text)
    _printf_longlong_oct                     0x0800099d   Thumb Code    66  _printf_oct_int_ll.o(.text)
    _printf_int_oct                          0x080009df   Thumb Code    24  _printf_oct_int_ll.o(.text)
    _printf_ll_oct                           0x080009f7   Thumb Code    12  _printf_oct_int_ll.o(.text)
    _printf_longlong_hex                     0x08000a0d   Thumb Code    86  _printf_hex_int_ll_ptr.o(.text)
    _printf_int_hex                          0x08000a63   Thumb Code    28  _printf_hex_int_ll_ptr.o(.text)
    _printf_ll_hex                           0x08000a7f   Thumb Code    12  _printf_hex_int_ll_ptr.o(.text)
    _printf_hex_ptr                          0x08000a8b   Thumb Code    18  _printf_hex_int_ll_ptr.o(.text)
    __printf                                 0x08000aa1   Thumb Code   388  __printf_flags_ss_wp.o(.text)
    _scanf_longlong                          0x08000c29   Thumb Code   342  _scanf_longlong.o(.text)
    _scanf_int                               0x08000d7f   Thumb Code   332  _scanf_int.o(.text)
    _scanf_string                            0x08000ecb   Thumb Code   224  _scanf_str.o(.text)
    __vfscanf_char_file                      0x08000fad   Thumb Code    16  scanf_char_file.o(.text)
    _scanf_mbtowc                            0x08000fc5   Thumb Code   276  _scanf_mbtowc.o(.text)
    _scanf_wctomb                            0x080010d9   Thumb Code   232  _scanf_wctomb.o(.text)
    _scanf_wstring                           0x080011c1   Thumb Code   208  _scanf_wstr.o(.text)
    _ll_udiv10                               0x08001291   Thumb Code   138  lludiv10.o(.text)
    _printf_int_common                       0x0800131b   Thumb Code   178  _printf_intcommon.o(.text)
    __lib_sel_fp_printf                      0x080013cd   Thumb Code     2  _printf_fp_dec.o(.text)
    _printf_fp_dec_real                      0x0800157f   Thumb Code   620  _printf_fp_dec.o(.text)
    _printf_fp_hex_real                      0x080017ed   Thumb Code   756  _printf_fp_hex.o(.text)
    _printf_char_common                      0x08001af3   Thumb Code    32  _printf_char_common.o(.text)
    _printf_cs_common                        0x08001b19   Thumb Code    20  _printf_char.o(.text)
    _printf_char                             0x08001b2d   Thumb Code    16  _printf_char.o(.text)
    _printf_string                           0x08001b3d   Thumb Code     8  _printf_char.o(.text)
    _printf_lcs_common                       0x08001b45   Thumb Code    20  _printf_wchar.o(.text)
    _printf_wchar                            0x08001b59   Thumb Code    16  _printf_wchar.o(.text)
    _printf_wstring                          0x08001b69   Thumb Code     8  _printf_wchar.o(.text)
    _chval                                   0x08001b71   Thumb Code    28  _chval.o(.text)
    _scanf_really_real                       0x08001dd9   Thumb Code   684  scanf_fp.o(.text)
    __vfscanf_char                           0x08002091   Thumb Code    24  scanf_char.o(.text)
    _scanf_wcharmap                          0x080020b1   Thumb Code    30  _scanf_wcharmap.o(.text)
    ___backspace$unlocked                    0x080020cf   Thumb Code     2  backspace.o(.text)
    __backspace                              0x080020d1   Thumb Code    70  backspace.o(.text)
    ferror                                   0x08002117   Thumb Code     8  ferror.o(.text)
    _readbuf                                 0x0800211f   Thumb Code    54  filbuf.o(.text)
    _seteof                                  0x08002155   Thumb Code    40  filbuf.o(.text)
    __filbuf                                 0x0800217d   Thumb Code   476  filbuf.o(.text)
    __filbuf_byte                            0x0800217d   Thumb Code     0  filbuf.o(.text)
    __filbuf_wide                            0x0800217d   Thumb Code     0  filbuf.o(.text)
    _initio                                  0x08002359   Thumb Code   210  initio.o(.text)
    _terminateio                             0x0800242b   Thumb Code    56  initio.o(.text)
    _mbrtowc                                 0x08002491   Thumb Code    60  _mbrtowc.o(.text)
    _wcrtomb                                 0x080024cd   Thumb Code    64  _wcrtomb.o(.text)
    __user_setup_stackheap                   0x0800250d   Thumb Code    74  sys_stackheap_outer.o(.text)
    __rt_ctype_table                         0x08002559   Thumb Code    16  rt_ctype_table.o(.text)
    __rt_locale                              0x08002569   Thumb Code     8  rt_locale_intlibspace.o(.text)
    __aeabi_errno_addr                       0x08002571   Thumb Code     8  rt_errno_addr_intlibspace.o(.text)
    __errno$intlibspace                      0x08002571   Thumb Code     0  rt_errno_addr_intlibspace.o(.text)
    __rt_errno_addr$intlibspace              0x08002571   Thumb Code     0  rt_errno_addr_intlibspace.o(.text)
    malloc                                   0x08002579   Thumb Code    94  h1_alloc.o(.text)
    free                                     0x080025d7   Thumb Code    78  h1_free.o(.text)
    isspace                                  0x08002625   Thumb Code    18  isspace.o(.text)
    _printf_fp_infnan                        0x08002639   Thumb Code   112  _printf_fp_infnan.o(.text)
    __vfscanf                                0x080026b9   Thumb Code   878  _scanf.o(.text)
    _btod_etento                             0x08002a2d   Thumb Code   224  bigflt0.o(.text)
    __flsbuf                                 0x08002b11   Thumb Code   470  flsbuf.o(.text)
    __flsbuf_byte                            0x08002b11   Thumb Code     0  flsbuf.o(.text)
    __flsbuf_wide                            0x08002b11   Thumb Code     0  flsbuf.o(.text)
    setvbuf                                  0x08002ce7   Thumb Code    70  setvbuf.o(.text)
    _seterr                                  0x08002d2d   Thumb Code    20  stdio.o(.text)
    _writebuf                                0x08002d41   Thumb Code    84  stdio.o(.text)
    _fflush                                  0x08002d95   Thumb Code    70  stdio.o(.text)
    _deferredlazyseek                        0x08002ddb   Thumb Code    60  stdio.o(.text)
    _ungetc_internal                         0x08002e1d   Thumb Code    60  ungetc.o(.text)
    ungetc                                   0x08002e1d   Thumb Code     0  ungetc.o(.text)
    freopen                                  0x08002e65   Thumb Code   158  fopen.o(.text)
    fopen                                    0x08002f03   Thumb Code    74  fopen.o(.text)
    _fclose_internal                         0x08002f51   Thumb Code    76  fclose.o(.text)
    fclose                                   0x08002f51   Thumb Code     0  fclose.o(.text)
    _flushlinebuffered                       0x08002f9d   Thumb Code    50  flushlinebuffered.o(.text)
    exit                                     0x08002fd5   Thumb Code    18  exit.o(.text)
    __rt_SIGRTRED                            0x08002fe7   Thumb Code    14  defsig_rtred_outer.o(.text)
    __aeabi_memclr4                          0x08002ff5   Thumb Code     0  rt_memclr_w.o(.text)
    __aeabi_memclr8                          0x08002ff5   Thumb Code     0  rt_memclr_w.o(.text)
    __rt_memclr_w                            0x08002ff5   Thumb Code    78  rt_memclr_w.o(.text)
    _memset_w                                0x08002ff9   Thumb Code     0  rt_memclr_w.o(.text)
    __user_libspace                          0x08003045   Thumb Code     8  libspace.o(.text)
    __user_perproc_libspace                  0x08003045   Thumb Code     0  libspace.o(.text)
    __user_perthread_libspace                0x08003045   Thumb Code     0  libspace.o(.text)
    __rt_heap_descriptor                     0x0800304d   Thumb Code     8  rt_heap_descriptor_intlibspace.o(.text)
    __use_no_heap                            0x08003055   Thumb Code     2  hguard.o(.text)
    __heap$guard                             0x08003057   Thumb Code     2  hguard.o(.text)
    _terminate_user_alloc                    0x08003059   Thumb Code     2  init_alloc.o(.text)
    _init_user_alloc                         0x0800305b   Thumb Code     2  init_alloc.o(.text)
    __Heap_Full                              0x0800305d   Thumb Code    34  init_alloc.o(.text)
    __Heap_Broken                            0x0800307f   Thumb Code     6  init_alloc.o(.text)
    _init_alloc                              0x08003085   Thumb Code    94  init_alloc.o(.text)
    __Heap_Initialize                        0x080030e3   Thumb Code    10  h1_init.o(.text)
    __Heap_DescSize                          0x080030ed   Thumb Code     4  h1_init.o(.text)
    __read_errno                             0x080030f1   Thumb Code    10  _rserrno.o(.text)
    __set_errno                              0x080030fb   Thumb Code    12  _rserrno.o(.text)
    _scanf_really_hex_real                   0x08003109   Thumb Code   786  scanf_hexfp.o(.text)
    _scanf_really_infnan                     0x08003429   Thumb Code   292  scanf_infnan.o(.text)
    _do_fflush                               0x0800355d   Thumb Code    54  fflush.o(.text)
    fflush                                   0x08003593   Thumb Code    42  fflush.o(.text)
    _fseek                                   0x080035c1   Thumb Code   242  fseek.o(.text)
    fseek                                    0x080035c1   Thumb Code     0  fseek.o(.text)
    __sig_exit                               0x080036b9   Thumb Code    10  defsig_exit.o(.text)
    __rt_SIGRTRED_inner                      0x080036c5   Thumb Code    14  defsig_rtred_inner.o(.text)
    _sys_exit                                0x080036f9   Thumb Code     8  sys_exit.o(.text)
    __Heap_ProvideMemory                     0x08003705   Thumb Code    52  h1_extend.o(.text)
    __aeabi_llsl                             0x08003739   Thumb Code     0  llshl.o(.text)
    _ll_shift_l                              0x08003739   Thumb Code    38  llshl.o(.text)
    _ftell_internal                          0x0800375f   Thumb Code    66  ftell.o(.text)
    ftell                                    0x0800375f   Thumb Code     0  ftell.o(.text)
    __default_signal_display                 0x080037a1   Thumb Code    50  defsig_general.o(.text)
    __rt_SIGRTMEM                            0x080037d3   Thumb Code    14  defsig_rtmem_outer.o(.text)
    _ttywrch                                 0x080037e1   Thumb Code    14  sys_wrch.o(.text)
    __I$use$semihosting                      0x080037ef   Thumb Code     0  use_no_semi.o(.text)
    __use_no_semihosting_swi                 0x080037ef   Thumb Code     2  use_no_semi.o(.text)
    __rt_SIGRTMEM_inner                      0x080037f1   Thumb Code    22  defsig_rtmem_inner.o(.text)
    __semihosting_library_function           0x080037f1   Thumb Code     0  indicate_semi.o(.text)
    _btod_d2e                                0x08003841   Thumb Code    62  btod.o(CL$$btod_d2e)
    _d2e_denorm_low                          0x0800387f   Thumb Code    70  btod.o(CL$$btod_d2e_denorm_low)
    _d2e_norm_op1                            0x080038c5   Thumb Code    96  btod.o(CL$$btod_d2e_norm_op1)
    __btod_div_common                        0x08003925   Thumb Code   696  btod.o(CL$$btod_div_common)
    _e2d                                     0x08003c5d   Thumb Code   122  btod.o(CL$$btod_e2d)
    _e2e                                     0x08003ce1   Thumb Code   220  btod.o(CL$$btod_e2e)
    _btod_ediv                               0x08003dbd   Thumb Code    42  btod.o(CL$$btod_ediv)
    _btod_edivd                              0x08003de7   Thumb Code    42  btod.o(CL$$btod_edivd)
    _btod_emul                               0x08003e11   Thumb Code    42  btod.o(CL$$btod_emul)
    _btod_emuld                              0x08003e3b   Thumb Code    42  btod.o(CL$$btod_emuld)
    __btod_mult_common                       0x08003e65   Thumb Code   580  btod.o(CL$$btod_mult_common)
    ITM_ReceiveChar                          0x080040a9   Thumb Code    26  retarget_io.o(i.ITM_ReceiveChar)
    ITM_SendChar                             0x080040cd   Thumb Code    42  retarget_io.o(i.ITM_SendChar)
    SystemInit                               0x080040fd   Thumb Code    82  system_stm32f7xx.o(i.SystemInit)
    __ARM_fpclassify                         0x08004161   Thumb Code    48  fpclassify.o(i.__ARM_fpclassify)
    __hardfp___mathlib_tofloat               0x08004191   Thumb Code   232  narrow.o(i.__hardfp___mathlib_tofloat)
    __hardfp_ldexp                           0x08004289   Thumb Code   200  ldexp.o(i.__hardfp_ldexp)
    __mathlib_dbl_overflow                   0x08004359   Thumb Code    24  dunder.o(i.__mathlib_dbl_overflow)
    __mathlib_dbl_underflow                  0x08004379   Thumb Code    24  dunder.o(i.__mathlib_dbl_underflow)
    __mathlib_narrow                         0x08004399   Thumb Code    18  narrow.o(i.__mathlib_narrow)
    __support_ldexp                          0x080043ab   Thumb Code    20  ldexp.o(i.__support_ldexp)
    _is_digit                                0x080043bf   Thumb Code    14  __printf_wp.o(i._is_digit)
    _sys_close                               0x080043cd   Thumb Code    38  retarget_io.o(i._sys_close)
    _sys_flen                                0x080043f3   Thumb Code    36  retarget_io.o(i._sys_flen)
    _sys_istty                               0x08004417   Thumb Code    36  retarget_io.o(i._sys_istty)
    _sys_open                                0x0800443d   Thumb Code    80  retarget_io.o(i._sys_open)
    _sys_read                                0x080044a5   Thumb Code    82  retarget_io.o(i._sys_read)
    _sys_seek                                0x080044f7   Thumb Code    44  retarget_io.o(i._sys_seek)
    _sys_write                               0x08004523   Thumb Code    70  retarget_io.o(i._sys_write)
    fgetc                                    0x08004569   Thumb Code    24  fgetc.o(i.fgetc)
    fputc                                    0x08004581   Thumb Code    26  fputc.o(i.fputc)
    frexp                                    0x080045a1   Thumb Code   118  frexp.o(i.frexp)
    main                                     0x0800462d   Thumb Code    10  main_asm.o(i.main)
    _get_lc_numeric                          0x08004655   Thumb Code    44  lc_numeric_c.o(locale$$code)
    _get_lc_ctype                            0x08004681   Thumb Code    44  lc_ctype_c.o(locale$$code)
    __aeabi_d2f                              0x080046ad   Thumb Code     0  d2f.o(x$fpl$d2f)
    _d2f                                     0x080046ad   Thumb Code    98  d2f.o(x$fpl$d2f)
    __fpl_dcheck_NaN1                        0x08004711   Thumb Code    10  dcheck1.o(x$fpl$dcheck1)
    __fpl_dcmp_Inf                           0x08004721   Thumb Code    24  dcmpi.o(x$fpl$dcmpinf)
    __aeabi_cdcmpeq                          0x08004739   Thumb Code     0  deqf.o(x$fpl$deqf)
    _dcmpeq                                  0x08004739   Thumb Code   120  deqf.o(x$fpl$deqf)
    __aeabi_cdcmple                          0x080047b1   Thumb Code     0  dleqf.o(x$fpl$dleqf)
    _dcmple                                  0x080047b1   Thumb Code   120  dleqf.o(x$fpl$dleqf)
    __fpl_dcmple_InfNaN                      0x08004813   Thumb Code     0  dleqf.o(x$fpl$dleqf)
    __aeabi_dmul                             0x08004829   Thumb Code     0  dmul.o(x$fpl$dmul)
    _dmul                                    0x08004829   Thumb Code   332  dmul.o(x$fpl$dmul)
    __fpl_dnaninf                            0x0800497d   Thumb Code   156  dnaninf.o(x$fpl$dnaninf)
    __fpl_dretinf                            0x08004a19   Thumb Code    12  dretinf.o(x$fpl$dretinf)
    __aeabi_cdrcmple                         0x08004a25   Thumb Code     0  drleqf.o(x$fpl$drleqf)
    _drcmple                                 0x08004a25   Thumb Code   108  drleqf.o(x$fpl$drleqf)
    _fp_init                                 0x08004a91   Thumb Code    10  fpinit.o(x$fpl$fpinit)
    __fplib_config_fpu_vfp                   0x08004a99   Thumb Code     0  fpinit.o(x$fpl$fpinit)
    __fplib_config_pureend_doubles           0x08004a99   Thumb Code     0  fpinit.o(x$fpl$fpinit)
    __fpl_fretinf                            0x08004a9b   Thumb Code    10  fretinf.o(x$fpl$fretinf)
    __ieee_status                            0x08004aa5   Thumb Code     6  istatus.o(x$fpl$ieeestatus)
    _printf_fp_dec                           0x08004aab   Thumb Code     4  printf1.o(x$fpl$printf1)
    _printf_fp_hex                           0x08004aaf   Thumb Code     4  printf2.o(x$fpl$printf2)
    __fpl_return_NaN                         0x08004ab3   Thumb Code   100  retnan.o(x$fpl$retnan)
    __ARM_scalbn                             0x08004b17   Thumb Code    92  scalbn.o(x$fpl$scalbn)
    _scanf_real                              0x08004b73   Thumb Code     4  scanf1.o(x$fpl$scanf1)
    _scanf_hex_real                          0x08004b77   Thumb Code     4  scanf2.o(x$fpl$scanf2)
    _scanf_infnan                            0x08004b7b   Thumb Code     4  scanf2.o(x$fpl$scanf2)
    __fpl_cmpreturn                          0x08004b7f   Thumb Code    48  trapv.o(x$fpl$trapveneer)
    __I$use$fp                               0x08004bae   Number         0  usenofp.o(x$fpl$usenofp)
    __stdin_name                             0x08004bae   Data           7  retarget_io.o(.constdata)
    __stdout_name                            0x08004bb5   Data           8  retarget_io.o(.constdata)
    __stderr_name                            0x08004bbd   Data           8  retarget_io.o(.constdata)
    Region$$Table$$Base                      0x08004cc4   Number         0  anon$$obj.o(Region$$Table)
    Region$$Table$$Limit                     0x08004ce4   Number         0  anon$$obj.o(Region$$Table)
    __aeabi_HUGE_VAL                         0x08004ce4   Data           0  fpconst.o(c$$dinf)
    __aeabi_HUGE_VALL                        0x08004ce4   Data           0  fpconst.o(c$$dinf)
    __aeabi_INFINITY                         0x08004ce4   Data           0  fpconst.o(c$$dinf)
    __dInf                                   0x08004ce4   Data           0  fpconst.o(c$$dinf)
    __huge_val                               0x08004ce4   Data           0  fpconst.o(c$$dinf)
    __dbl_max                                0x08004cec   Data           0  fpconst.o(c$$dmax)
    __ctype                                  0x08004d1d   Data           0  lc_ctype_c.o(locale$$data)
    Header                                   0x20010000   Data           4  main.o(.data)
    Heap                                     0x20010004   Data        4096  main.o(.data)
    Answer                                   0x20011008   Data           8  main.o(.data)
    ITM_RxBuffer                             0x20011010   Data           4  retarget_io.o(.data)
    __aeabi_stdin                            0x20011024   Data           4  stdio_streams.o(.data)
    __aeabi_stdout                           0x20011028   Data           4  stdio_streams.o(.data)
    __aeabi_stderr                           0x2001102c   Data           4  stdio_streams.o(.data)
    __stdin                                  0x20011030   Data          84  stdio_streams.o(.bss)
    __stdout                                 0x20011084   Data          84  stdio_streams.o(.bss)
    __stderr                                 0x200110d8   Data          84  stdio_streams.o(.bss)
    __libspace_start                         0x2001112c   Data          96  libspace.o(.bss)
    __temporary_stack_top$libspace           0x2001118c   Data           0  libspace.o(.bss)



==============================================================================

Memory Map of the image

  Image Entry point : 0x080001c9

  Load Region LR_IROM1 (Base: 0x08000000, Size: 0x00005e50, Max: 0x00100000, ABSOLUTE, COMPRESSED[0x00004e48])

    Execution Region ER_IROM1 (Exec base: 0x08000000, Load base: 0x08000000, Size: 0x00004e20, Max: 0x00100000, ABSOLUTE)

    Exec Addr    Load Addr    Size         Type   Attr      Idx    E Section Name        Object

    0x08000000   0x08000000   0x000001c8   Data   RO          979    RESET               startup_stm32f746xx.o
    0x080001c8   0x080001c8   0x00000008   Code   RO         1050  * !!!main             c_w.l(__main.o)
    0x080001d0   0x080001d0   0x00000034   Code   RO         1718    !!!scatter          c_w.l(__scatter.o)
    0x08000204   0x08000204   0x0000003a   Code   RO         1716    !!dczerorl          c_w.l(__dczerorl.o)
    0x0800023e   0x0800023e   0x00000002   PAD
    0x08000240   0x08000240   0x0000001c   Code   RO         1720    !!handler_zi        c_w.l(__scatter_zi.o)
    0x0800025c   0x0800025c   0x00000000   Code   RO         1136    .ARM.Collect$$_printf_percent$$00000000  c_w.l(_printf_percent.o)
    0x0800025c   0x0800025c   0x00000006   Code   RO         1125    .ARM.Collect$$_printf_percent$$00000001  c_w.l(_printf_n.o)
    0x08000262   0x08000262   0x00000006   Code   RO         1127    .ARM.Collect$$_printf_percent$$00000002  c_w.l(_printf_p.o)
    0x08000268   0x08000268   0x00000006   Code   RO         1132    .ARM.Collect$$_printf_percent$$00000003  c_w.l(_printf_f.o)
    0x0800026e   0x0800026e   0x00000006   Code   RO         1133    .ARM.Collect$$_printf_percent$$00000004  c_w.l(_printf_e.o)
    0x08000274   0x08000274   0x00000006   Code   RO         1134    .ARM.Collect$$_printf_percent$$00000005  c_w.l(_printf_g.o)
    0x0800027a   0x0800027a   0x00000006   Code   RO         1135    .ARM.Collect$$_printf_percent$$00000006  c_w.l(_printf_a.o)
    0x08000280   0x08000280   0x0000000a   Code   RO         1140    .ARM.Collect$$_printf_percent$$00000007  c_w.l(_printf_ll.o)
    0x0800028a   0x0800028a   0x00000006   Code   RO         1129    .ARM.Collect$$_printf_percent$$00000008  c_w.l(_printf_i.o)
    0x08000290   0x08000290   0x00000006   Code   RO         1130    .ARM.Collect$$_printf_percent$$00000009  c_w.l(_printf_d.o)
    0x08000296   0x08000296   0x00000006   Code   RO         1131    .ARM.Collect$$_printf_percent$$0000000A  c_w.l(_printf_u.o)
    0x0800029c   0x0800029c   0x00000006   Code   RO         1128    .ARM.Collect$$_printf_percent$$0000000B  c_w.l(_printf_o.o)
    0x080002a2   0x080002a2   0x00000006   Code   RO         1126    .ARM.Collect$$_printf_percent$$0000000C  c_w.l(_printf_x.o)
    0x080002a8   0x080002a8   0x00000006   Code   RO         1137    .ARM.Collect$$_printf_percent$$0000000D  c_w.l(_printf_lli.o)
    0x080002ae   0x080002ae   0x00000006   Code   RO         1138    .ARM.Collect$$_printf_percent$$0000000E  c_w.l(_printf_lld.o)
    0x080002b4   0x080002b4   0x00000006   Code   RO         1139    .ARM.Collect$$_printf_percent$$0000000F  c_w.l(_printf_llu.o)
    0x080002ba   0x080002ba   0x00000006   Code   RO         1144    .ARM.Collect$$_printf_percent$$00000010  c_w.l(_printf_llo.o)
    0x080002c0   0x080002c0   0x00000006   Code   RO         1145    .ARM.Collect$$_printf_percent$$00000011  c_w.l(_printf_llx.o)
    0x080002c6   0x080002c6   0x0000000a   Code   RO         1141    .ARM.Collect$$_printf_percent$$00000012  c_w.l(_printf_l.o)
    0x080002d0   0x080002d0   0x00000006   Code   RO         1123    .ARM.Collect$$_printf_percent$$00000013  c_w.l(_printf_c.o)
    0x080002d6   0x080002d6   0x00000006   Code   RO         1124    .ARM.Collect$$_printf_percent$$00000014  c_w.l(_printf_s.o)
    0x080002dc   0x080002dc   0x00000006   Code   RO         1142    .ARM.Collect$$_printf_percent$$00000015  c_w.l(_printf_lc.o)
    0x080002e2   0x080002e2   0x00000006   Code   RO         1143    .ARM.Collect$$_printf_percent$$00000016  c_w.l(_printf_ls.o)
    0x080002e8   0x080002e8   0x00000004   Code   RO         1214    .ARM.Collect$$_printf_percent$$00000017  c_w.l(_printf_percent_end.o)
    0x080002ec   0x080002ec   0x00000002   Code   RO         1411    .ARM.Collect$$libinit$$00000000  c_w.l(libinit.o)
    0x080002ee   0x080002ee   0x00000004   Code   RO         1412    .ARM.Collect$$libinit$$00000001  c_w.l(libinit2.o)
    0x080002f2   0x080002f2   0x00000000   Code   RO         1415    .ARM.Collect$$libinit$$00000004  c_w.l(libinit2.o)
    0x080002f2   0x080002f2   0x00000008   Code   RO         1416    .ARM.Collect$$libinit$$00000005  c_w.l(libinit2.o)
    0x080002fa   0x080002fa   0x00000000   Code   RO         1418    .ARM.Collect$$libinit$$0000000A  c_w.l(libinit2.o)
    0x080002fa   0x080002fa   0x00000000   Code   RO         1420    .ARM.Collect$$libinit$$0000000C  c_w.l(libinit2.o)
    0x080002fa   0x080002fa   0x00000000   Code   RO         1422    .ARM.Collect$$libinit$$0000000E  c_w.l(libinit2.o)
    0x080002fa   0x080002fa   0x00000006   Code   RO         1423    .ARM.Collect$$libinit$$0000000F  c_w.l(libinit2.o)
    0x08000300   0x08000300   0x00000000   Code   RO         1425    .ARM.Collect$$libinit$$00000011  c_w.l(libinit2.o)
    0x08000300   0x08000300   0x0000000c   Code   RO         1426    .ARM.Collect$$libinit$$00000012  c_w.l(libinit2.o)
    0x0800030c   0x0800030c   0x00000000   Code   RO         1427    .ARM.Collect$$libinit$$00000013  c_w.l(libinit2.o)
    0x0800030c   0x0800030c   0x00000000   Code   RO         1429    .ARM.Collect$$libinit$$00000015  c_w.l(libinit2.o)
    0x0800030c   0x0800030c   0x0000000a   Code   RO         1430    .ARM.Collect$$libinit$$00000016  c_w.l(libinit2.o)
    0x08000316   0x08000316   0x00000000   Code   RO         1431    .ARM.Collect$$libinit$$00000017  c_w.l(libinit2.o)
    0x08000316   0x08000316   0x00000000   Code   RO         1433    .ARM.Collect$$libinit$$00000019  c_w.l(libinit2.o)
    0x08000316   0x08000316   0x00000000   Code   RO         1435    .ARM.Collect$$libinit$$0000001B  c_w.l(libinit2.o)
    0x08000316   0x08000316   0x00000000   Code   RO         1437    .ARM.Collect$$libinit$$0000001D  c_w.l(libinit2.o)
    0x08000316   0x08000316   0x00000000   Code   RO         1439    .ARM.Collect$$libinit$$0000001F  c_w.l(libinit2.o)
    0x08000316   0x08000316   0x00000000   Code   RO         1441    .ARM.Collect$$libinit$$00000021  c_w.l(libinit2.o)
    0x08000316   0x08000316   0x00000000   Code   RO         1443    .ARM.Collect$$libinit$$00000023  c_w.l(libinit2.o)
    0x08000316   0x08000316   0x00000004   Code   RO         1444    .ARM.Collect$$libinit$$00000024  c_w.l(libinit2.o)
    0x0800031a   0x0800031a   0x00000000   Code   RO         1445    .ARM.Collect$$libinit$$00000025  c_w.l(libinit2.o)
    0x0800031a   0x0800031a   0x00000000   Code   RO         1449    .ARM.Collect$$libinit$$0000002C  c_w.l(libinit2.o)
    0x0800031a   0x0800031a   0x00000000   Code   RO         1451    .ARM.Collect$$libinit$$0000002E  c_w.l(libinit2.o)
    0x0800031a   0x0800031a   0x00000000   Code   RO         1453    .ARM.Collect$$libinit$$00000030  c_w.l(libinit2.o)
    0x0800031a   0x0800031a   0x00000000   Code   RO         1455    .ARM.Collect$$libinit$$00000032  c_w.l(libinit2.o)
    0x0800031a   0x0800031a   0x00000002   Code   RO         1456    .ARM.Collect$$libinit$$00000033  c_w.l(libinit2.o)
    0x0800031c   0x0800031c   0x00000002   Code   RO         1662    .ARM.Collect$$libshutdown$$00000000  c_w.l(libshutdown.o)
    0x0800031e   0x0800031e   0x00000000   Code   RO         1458    .ARM.Collect$$libshutdown$$00000002  c_w.l(libshutdown2.o)
    0x0800031e   0x0800031e   0x00000004   Code   RO         1459    .ARM.Collect$$libshutdown$$00000003  c_w.l(libshutdown2.o)
    0x08000322   0x08000322   0x00000000   Code   RO         1460    .ARM.Collect$$libshutdown$$00000004  c_w.l(libshutdown2.o)
    0x08000322   0x08000322   0x00000000   Code   RO         1463    .ARM.Collect$$libshutdown$$00000007  c_w.l(libshutdown2.o)
    0x08000322   0x08000322   0x00000000   Code   RO         1466    .ARM.Collect$$libshutdown$$0000000A  c_w.l(libshutdown2.o)
    0x08000322   0x08000322   0x00000000   Code   RO         1468    .ARM.Collect$$libshutdown$$0000000C  c_w.l(libshutdown2.o)
    0x08000322   0x08000322   0x00000000   Code   RO         1471    .ARM.Collect$$libshutdown$$0000000F  c_w.l(libshutdown2.o)
    0x08000322   0x08000322   0x00000002   Code   RO         1472    .ARM.Collect$$libshutdown$$00000010  c_w.l(libshutdown2.o)
    0x08000324   0x08000324   0x00000000   Code   RO         1052    .ARM.Collect$$rtentry$$00000000  c_w.l(__rtentry.o)
    0x08000324   0x08000324   0x00000000   Code   RO         1183    .ARM.Collect$$rtentry$$00000002  c_w.l(__rtentry2.o)
    0x08000324   0x08000324   0x00000006   Code   RO         1195    .ARM.Collect$$rtentry$$00000004  c_w.l(__rtentry4.o)
    0x0800032a   0x0800032a   0x00000000   Code   RO         1185    .ARM.Collect$$rtentry$$00000009  c_w.l(__rtentry2.o)
    0x0800032a   0x0800032a   0x00000004   Code   RO         1186    .ARM.Collect$$rtentry$$0000000A  c_w.l(__rtentry2.o)
    0x0800032e   0x0800032e   0x00000000   Code   RO         1188    .ARM.Collect$$rtentry$$0000000C  c_w.l(__rtentry2.o)
    0x0800032e   0x0800032e   0x00000008   Code   RO         1189    .ARM.Collect$$rtentry$$0000000D  c_w.l(__rtentry2.o)
    0x08000336   0x08000336   0x00000002   Code   RO         1501    .ARM.Collect$$rtexit$$00000000  c_w.l(rtexit.o)
    0x08000338   0x08000338   0x00000000   Code   RO         1586    .ARM.Collect$$rtexit$$00000002  c_w.l(rtexit2.o)
    0x08000338   0x08000338   0x00000004   Code   RO         1587    .ARM.Collect$$rtexit$$00000003  c_w.l(rtexit2.o)
    0x0800033c   0x0800033c   0x00000006   Code   RO         1588    .ARM.Collect$$rtexit$$00000004  c_w.l(rtexit2.o)
    0x08000342   0x08000342   0x00000002   PAD
    0x08000344   0x08000344   0x00000000   Code   RO         1594    .emb_text           c_w.l(maybetermalloc1.o)
    0x08000344   0x08000344   0x00000214   Code   RO            1    .text               main.o
    0x08000558   0x08000558   0x00000040   Code   RO          980    .text               startup_stm32f746xx.o
    0x08000598   0x08000598   0x00000090   Code   RO         1021    .text               asmcalls.o
    0x08000628   0x08000628   0x00000018   Code   RO         1040    .text               c_w.l(printf.o)
    0x08000640   0x08000640   0x00000020   Code   RO         1042    .text               c_w.l(scanf.o)
    0x08000660   0x08000660   0x0000000c   Code   RO         1044    .text               c_w.l(getchar.o)
    0x0800066c   0x0800066c   0x00000068   Code   RO         1046    .text               c_w.l(strcmpv7m_pel.o)
    0x080006d4   0x080006d4   0x00000006   Code   RO         1048    .text               c_w.l(heapauxi.o)
    0x080006da   0x080006da   0x0000004e   Code   RO         1059    .text               c_w.l(_printf_pad.o)
    0x08000728   0x08000728   0x00000024   Code   RO         1061    .text               c_w.l(_printf_truncate.o)
    0x0800074c   0x0800074c   0x00000052   Code   RO         1063    .text               c_w.l(_printf_str.o)
    0x0800079e   0x0800079e   0x00000002   PAD
    0x080007a0   0x080007a0   0x00000078   Code   RO         1065    .text               c_w.l(_printf_dec.o)
    0x08000818   0x08000818   0x00000028   Code   RO         1067    .text               c_w.l(_printf_charcount.o)
    0x08000840   0x08000840   0x00000024   Code   RO         1069    .text               c_w.l(_printf_char_file.o)
    0x08000864   0x08000864   0x000000bc   Code   RO         1071    .text               c_w.l(_printf_wctomb.o)
    0x08000920   0x08000920   0x0000007c   Code   RO         1074    .text               c_w.l(_printf_longlong_dec.o)
    0x0800099c   0x0800099c   0x00000070   Code   RO         1080    .text               c_w.l(_printf_oct_int_ll.o)
    0x08000a0c   0x08000a0c   0x00000094   Code   RO         1100    .text               c_w.l(_printf_hex_int_ll_ptr.o)
    0x08000aa0   0x08000aa0   0x00000188   Code   RO         1120    .text               c_w.l(__printf_flags_ss_wp.o)
    0x08000c28   0x08000c28   0x00000156   Code   RO         1146    .text               c_w.l(_scanf_longlong.o)
    0x08000d7e   0x08000d7e   0x0000014c   Code   RO         1148    .text               c_w.l(_scanf_int.o)
    0x08000eca   0x08000eca   0x000000e0   Code   RO         1150    .text               c_w.l(_scanf_str.o)
    0x08000faa   0x08000faa   0x00000002   PAD
    0x08000fac   0x08000fac   0x00000018   Code   RO         1152    .text               c_w.l(scanf_char_file.o)
    0x08000fc4   0x08000fc4   0x00000114   Code   RO         1154    .text               c_w.l(_scanf_mbtowc.o)
    0x080010d8   0x080010d8   0x000000e8   Code   RO         1156    .text               c_w.l(_scanf_wctomb.o)
    0x080011c0   0x080011c0   0x000000d0   Code   RO         1158    .text               c_w.l(_scanf_wstr.o)
    0x08001290   0x08001290   0x0000008a   Code   RO         1199    .text               c_w.l(lludiv10.o)
    0x0800131a   0x0800131a   0x000000b2   Code   RO         1201    .text               c_w.l(_printf_intcommon.o)
    0x080013cc   0x080013cc   0x0000041e   Code   RO         1203    .text               c_w.l(_printf_fp_dec.o)
    0x080017ea   0x080017ea   0x00000002   PAD
    0x080017ec   0x080017ec   0x000002fc   Code   RO         1205    .text               c_w.l(_printf_fp_hex.o)
    0x08001ae8   0x08001ae8   0x00000030   Code   RO         1208    .text               c_w.l(_printf_char_common.o)
    0x08001b18   0x08001b18   0x0000002c   Code   RO         1210    .text               c_w.l(_printf_char.o)
    0x08001b44   0x08001b44   0x0000002c   Code   RO         1212    .text               c_w.l(_printf_wchar.o)
    0x08001b70   0x08001b70   0x0000001c   Code   RO         1215    .text               c_w.l(_chval.o)
    0x08001b8c   0x08001b8c   0x000004f8   Code   RO         1217    .text               c_w.l(scanf_fp.o)
    0x08002084   0x08002084   0x0000002c   Code   RO         1219    .text               c_w.l(scanf_char.o)
    0x080020b0   0x080020b0   0x0000001e   Code   RO         1221    .text               c_w.l(_scanf_wcharmap.o)
    0x080020ce   0x080020ce   0x00000048   Code   RO         1223    .text               c_w.l(backspace.o)
    0x08002116   0x08002116   0x00000008   Code   RO         1225    .text               c_w.l(ferror.o)
    0x0800211e   0x0800211e   0x0000023a   Code   RO         1227    .text               c_w.l(filbuf.o)
    0x08002358   0x08002358   0x00000138   Code   RO         1233    .text               c_w.l(initio.o)
    0x08002490   0x08002490   0x0000003c   Code   RO         1243    .text               c_w.l(_mbrtowc.o)
    0x080024cc   0x080024cc   0x00000040   Code   RO         1245    .text               c_w.l(_wcrtomb.o)
    0x0800250c   0x0800250c   0x0000004a   Code   RO         1251    .text               c_w.l(sys_stackheap_outer.o)
    0x08002556   0x08002556   0x00000002   PAD
    0x08002558   0x08002558   0x00000010   Code   RO         1253    .text               c_w.l(rt_ctype_table.o)
    0x08002568   0x08002568   0x00000008   Code   RO         1258    .text               c_w.l(rt_locale_intlibspace.o)
    0x08002570   0x08002570   0x00000008   Code   RO         1263    .text               c_w.l(rt_errno_addr_intlibspace.o)
    0x08002578   0x08002578   0x0000005e   Code   RO         1269    .text               c_w.l(h1_alloc.o)
    0x080025d6   0x080025d6   0x0000004e   Code   RO         1271    .text               c_w.l(h1_free.o)
    0x08002624   0x08002624   0x00000012   Code   RO         1327    .text               c_w.l(isspace.o)
    0x08002636   0x08002636   0x00000002   PAD
    0x08002638   0x08002638   0x00000080   Code   RO         1329    .text               c_w.l(_printf_fp_infnan.o)
    0x080026b8   0x080026b8   0x00000374   Code   RO         1333    .text               c_w.l(_scanf.o)
    0x08002a2c   0x08002a2c   0x000000e4   Code   RO         1337    .text               c_w.l(bigflt0.o)
    0x08002b10   0x08002b10   0x000001d6   Code   RO         1362    .text               c_w.l(flsbuf.o)
    0x08002ce6   0x08002ce6   0x00000046   Code   RO         1364    .text               c_w.l(setvbuf.o)
    0x08002d2c   0x08002d2c   0x000000f0   Code   RO         1366    .text               c_w.l(stdio.o)
    0x08002e1c   0x08002e1c   0x00000048   Code   RO         1368    .text               c_w.l(ungetc.o)
    0x08002e64   0x08002e64   0x000000ec   Code   RO         1375    .text               c_w.l(fopen.o)
    0x08002f50   0x08002f50   0x0000004c   Code   RO         1377    .text               c_w.l(fclose.o)
    0x08002f9c   0x08002f9c   0x00000038   Code   RO         1379    .text               c_w.l(flushlinebuffered.o)
    0x08002fd4   0x08002fd4   0x00000012   Code   RO         1394    .text               c_w.l(exit.o)
    0x08002fe6   0x08002fe6   0x0000000e   Code   RO         1400    .text               c_w.l(defsig_rtred_outer.o)
    0x08002ff4   0x08002ff4   0x0000004e   Code   RO         1404    .text               c_w.l(rt_memclr_w.o)
    0x08003042   0x08003042   0x00000002   PAD
    0x08003044   0x08003044   0x00000008   Code   RO         1498    .text               c_w.l(libspace.o)
    0x0800304c   0x0800304c   0x00000008   Code   RO         1508    .text               c_w.l(rt_heap_descriptor_intlibspace.o)
    0x08003054   0x08003054   0x00000004   Code   RO         1510    .text               c_w.l(hguard.o)
    0x08003058   0x08003058   0x0000008a   Code   RO         1512    .text               c_w.l(init_alloc.o)
    0x080030e2   0x080030e2   0x0000000e   Code   RO         1516    .text               c_w.l(h1_init.o)
    0x080030f0   0x080030f0   0x00000016   Code   RO         1530    .text               c_w.l(_rserrno.o)
    0x08003106   0x08003106   0x00000002   PAD
    0x08003108   0x08003108   0x00000320   Code   RO         1534    .text               c_w.l(scanf_hexfp.o)
    0x08003428   0x08003428   0x00000134   Code   RO         1536    .text               c_w.l(scanf_infnan.o)
    0x0800355c   0x0800355c   0x00000064   Code   RO         1538    .text               c_w.l(fflush.o)
    0x080035c0   0x080035c0   0x000000f8   Code   RO         1540    .text               c_w.l(fseek.o)
    0x080036b8   0x080036b8   0x0000000a   Code   RO         1551    .text               c_w.l(defsig_exit.o)
    0x080036c2   0x080036c2   0x00000002   PAD
    0x080036c4   0x080036c4   0x00000034   Code   RO         1555    .text               c_w.l(defsig_rtred_inner.o)
    0x080036f8   0x080036f8   0x0000000c   Code   RO         1583    .text               c_w.l(sys_exit.o)
    0x08003704   0x08003704   0x00000034   Code   RO         1596    .text               c_w.l(h1_extend.o)
    0x08003738   0x08003738   0x00000026   Code   RO         1600    .text               c_w.l(llshl.o)
    0x0800375e   0x0800375e   0x00000042   Code   RO         1604    .text               c_w.l(ftell.o)
    0x080037a0   0x080037a0   0x00000032   Code   RO         1610    .text               c_w.l(defsig_general.o)
    0x080037d2   0x080037d2   0x0000000e   Code   RO         1612    .text               c_w.l(defsig_rtmem_outer.o)
    0x080037e0   0x080037e0   0x0000000e   Code   RO         1649    .text               c_w.l(sys_wrch.o)
    0x080037ee   0x080037ee   0x00000002   Code   RO         1651    .text               c_w.l(use_no_semi.o)
    0x080037f0   0x080037f0   0x00000000   Code   RO         1653    .text               c_w.l(indicate_semi.o)
    0x080037f0   0x080037f0   0x00000050   Code   RO         1656    .text               c_w.l(defsig_rtmem_inner.o)
    0x08003840   0x08003840   0x0000003e   Code   RO         1340    CL$$btod_d2e        c_w.l(btod.o)
    0x0800387e   0x0800387e   0x00000046   Code   RO         1342    CL$$btod_d2e_denorm_low  c_w.l(btod.o)
    0x080038c4   0x080038c4   0x00000060   Code   RO         1341    CL$$btod_d2e_norm_op1  c_w.l(btod.o)
    0x08003924   0x08003924   0x00000338   Code   RO         1350    CL$$btod_div_common  c_w.l(btod.o)
    0x08003c5c   0x08003c5c   0x00000084   Code   RO         1348    CL$$btod_e2d        c_w.l(btod.o)
    0x08003ce0   0x08003ce0   0x000000dc   Code   RO         1347    CL$$btod_e2e        c_w.l(btod.o)
    0x08003dbc   0x08003dbc   0x0000002a   Code   RO         1344    CL$$btod_ediv       c_w.l(btod.o)
    0x08003de6   0x08003de6   0x0000002a   Code   RO         1346    CL$$btod_edivd      c_w.l(btod.o)
    0x08003e10   0x08003e10   0x0000002a   Code   RO         1343    CL$$btod_emul       c_w.l(btod.o)
    0x08003e3a   0x08003e3a   0x0000002a   Code   RO         1345    CL$$btod_emuld      c_w.l(btod.o)
    0x08003e64   0x08003e64   0x00000244   Code   RO         1349    CL$$btod_mult_common  c_w.l(btod.o)
    0x080040a8   0x080040a8   0x00000024   Code   RO            8    i.ITM_ReceiveChar   retarget_io.o
    0x080040cc   0x080040cc   0x00000030   Code   RO            9    i.ITM_SendChar      retarget_io.o
    0x080040fc   0x080040fc   0x00000064   Code   RO          988    i.SystemInit        system_stm32f7xx.o
    0x08004160   0x08004160   0x00000030   Code   RO         1488    i.__ARM_fpclassify  m_wm.l(fpclassify.o)
    0x08004190   0x08004190   0x000000f8   Code   RO         1490    i.__hardfp___mathlib_tofloat  m_wm.l(narrow.o)
    0x08004288   0x08004288   0x000000d0   Code   RO         1633    i.__hardfp_ldexp    m_wm.l(ldexp.o)
    0x08004358   0x08004358   0x00000020   Code   RO         1671    i.__mathlib_dbl_overflow  m_wm.l(dunder.o)
    0x08004378   0x08004378   0x00000020   Code   RO         1673    i.__mathlib_dbl_underflow  m_wm.l(dunder.o)
    0x08004398   0x08004398   0x00000012   Code   RO         1491    i.__mathlib_narrow  m_wm.l(narrow.o)
    0x080043aa   0x080043aa   0x00000014   Code   RO         1635    i.__support_ldexp   m_wm.l(ldexp.o)
    0x080043be   0x080043be   0x0000000e   Code   RO         1113    i._is_digit         c_w.l(__printf_wp.o)
    0x080043cc   0x080043cc   0x00000026   Code   RO           10    i._sys_close        retarget_io.o
    0x080043f2   0x080043f2   0x00000024   Code   RO           11    i._sys_flen         retarget_io.o
    0x08004416   0x08004416   0x00000024   Code   RO           12    i._sys_istty        retarget_io.o
    0x0800443a   0x0800443a   0x00000002   PAD
    0x0800443c   0x0800443c   0x00000068   Code   RO           13    i._sys_open         retarget_io.o
    0x080044a4   0x080044a4   0x00000052   Code   RO           14    i._sys_read         retarget_io.o
    0x080044f6   0x080044f6   0x0000002c   Code   RO           15    i._sys_seek         retarget_io.o
    0x08004522   0x08004522   0x00000046   Code   RO           16    i._sys_write        retarget_io.o
    0x08004568   0x08004568   0x00000018   Code   RO         1161    i.fgetc             c_w.l(fgetc.o)
    0x08004580   0x08004580   0x0000001a   Code   RO         1230    i.fputc             c_w.l(fputc.o)
    0x0800459a   0x0800459a   0x00000006   PAD
    0x080045a0   0x080045a0   0x0000008c   Code   RO         1577    i.frexp             m_wm.l(frexp.o)
    0x0800462c   0x0800462c   0x0000000a   Code   RO         1025    i.main              main_asm.o
    0x08004636   0x08004636   0x00000010   Code   RO           17    i.stdin_getchar     retarget_io.o
    0x08004646   0x08004646   0x0000000c   Code   RO           18    i.stdout_putchar    retarget_io.o
    0x08004652   0x08004652   0x00000002   PAD
    0x08004654   0x08004654   0x0000002c   Code   RO         1392    locale$$code        c_w.l(lc_numeric_c.o)
    0x08004680   0x08004680   0x0000002c   Code   RO         1549    locale$$code        c_w.l(lc_ctype_c.o)
    0x080046ac   0x080046ac   0x00000062   Code   RO         1567    x$fpl$d2f           fz_wm.l(d2f.o)
    0x0800470e   0x0800470e   0x00000002   PAD
    0x08004710   0x08004710   0x00000010   Code   RO         1704    x$fpl$dcheck1       fz_wm.l(dcheck1.o)
    0x08004720   0x08004720   0x00000018   Code   RO         1623    x$fpl$dcmpinf       fz_wm.l(dcmpi.o)
    0x08004738   0x08004738   0x00000078   Code   RO         1569    x$fpl$deqf          fz_wm.l(deqf.o)
    0x080047b0   0x080047b0   0x00000078   Code   RO         1625    x$fpl$dleqf         fz_wm.l(dleqf.o)
    0x08004828   0x08004828   0x00000154   Code   RO         1627    x$fpl$dmul          fz_wm.l(dmul.o)
    0x0800497c   0x0800497c   0x0000009c   Code   RO         1629    x$fpl$dnaninf       fz_wm.l(dnaninf.o)
    0x08004a18   0x08004a18   0x0000000c   Code   RO         1663    x$fpl$dretinf       fz_wm.l(dretinf.o)
    0x08004a24   0x08004a24   0x0000006c   Code   RO         1571    x$fpl$drleqf        fz_wm.l(drleqf.o)
    0x08004a90   0x08004a90   0x0000000a   Code   RO         1573    x$fpl$fpinit        fz_wm.l(fpinit.o)
    0x08004a9a   0x08004a9a   0x0000000a   Code   RO         1631    x$fpl$fretinf       fz_wm.l(fretinf.o)
    0x08004aa4   0x08004aa4   0x00000006   Code   RO         1479    x$fpl$ieeestatus    fz_wm.l(istatus.o)
    0x08004aaa   0x08004aaa   0x00000004   Code   RO         1172    x$fpl$printf1       fz_wm.l(printf1.o)
    0x08004aae   0x08004aae   0x00000004   Code   RO         1174    x$fpl$printf2       fz_wm.l(printf2.o)
    0x08004ab2   0x08004ab2   0x00000064   Code   RO         1710    x$fpl$retnan        fz_wm.l(retnan.o)
    0x08004b16   0x08004b16   0x0000005c   Code   RO         1665    x$fpl$scalbn        fz_wm.l(scalbn.o)
    0x08004b72   0x08004b72   0x00000004   Code   RO         1180    x$fpl$scanf1        fz_wm.l(scanf1.o)
    0x08004b76   0x08004b76   0x00000008   Code   RO         1481    x$fpl$scanf2        fz_wm.l(scanf2.o)
    0x08004b7e   0x08004b7e   0x00000030   Code   RO         1712    x$fpl$trapveneer    fz_wm.l(trapv.o)
    0x08004bae   0x08004bae   0x00000000   Code   RO         1487    x$fpl$usenofp       fz_wm.l(usenofp.o)
    0x08004bae   0x08004bae   0x00000017   Data   RO           19    .constdata          retarget_io.o
    0x08004bc5   0x08004bc5   0x00000003   PAD
    0x08004bc8   0x08004bc8   0x00000008   Data   RO         1072    .constdata          c_w.l(_printf_wctomb.o)
    0x08004bd0   0x08004bd0   0x00000028   Data   RO         1101    .constdata          c_w.l(_printf_hex_int_ll_ptr.o)
    0x08004bf8   0x08004bf8   0x00000011   Data   RO         1121    .constdata          c_w.l(__printf_flags_ss_wp.o)
    0x08004c09   0x08004c09   0x00000026   Data   RO         1206    .constdata          c_w.l(_printf_fp_hex.o)
    0x08004c2f   0x08004c2f   0x00000001   PAD
    0x08004c30   0x08004c30   0x00000094   Data   RO         1338    .constdata          c_w.l(bigflt0.o)
    0x08004cc4   0x08004cc4   0x00000020   Data   RO         1714    Region$$Table       anon$$obj.o
    0x08004ce4   0x08004ce4   0x00000008   Data   RO         1475    c$$dinf             fz_wm.l(fpconst.o)
    0x08004cec   0x08004cec   0x00000008   Data   RO         1478    c$$dmax             fz_wm.l(fpconst.o)
    0x08004cf4   0x08004cf4   0x0000001c   Data   RO         1391    locale$$data        c_w.l(lc_numeric_c.o)
    0x08004d10   0x08004d10   0x00000110   Data   RO         1548    locale$$data        c_w.l(lc_ctype_c.o)


    Execution Region RW_IRAM2 (Exec base: 0x20000000, Load base: 0x08004e48, Size: 0x00000000, Max: 0x00010000, ABSOLUTE)

    **** No section assigned to this execution region ****


    Execution Region RW_IRAM1 (Exec base: 0x20010000, Load base: 0x08004e20, Size: 0x00001790, Max: 0x00040000, ABSOLUTE, COMPRESSED[0x00000028])

    Exec Addr    Load Addr    Size         Type   Attr      Idx    E Section Name        Object

    0x20010000   COMPRESSED   0x00001010   Data   RW            2    .data               main.o
    0x20011010   COMPRESSED   0x00000004   Data   RW           20    .data               retarget_io.o
    0x20011014   COMPRESSED   0x0000000c   PAD
    0x20011020   COMPRESSED   0x00000004   Data   RW         1022    .data               asmcalls.o
    0x20011024   COMPRESSED   0x00000004   Data   RW         1167    .data               c_w.l(stdio_streams.o)
    0x20011028   COMPRESSED   0x00000004   Data   RW         1168    .data               c_w.l(stdio_streams.o)
    0x2001102c   COMPRESSED   0x00000004   Data   RW         1169    .data               c_w.l(stdio_streams.o)
    0x20011030        -       0x00000054   Zero   RW         1164    .bss                c_w.l(stdio_streams.o)
    0x20011084        -       0x00000054   Zero   RW         1165    .bss                c_w.l(stdio_streams.o)
    0x200110d8        -       0x00000054   Zero   RW         1166    .bss                c_w.l(stdio_streams.o)
    0x2001112c        -       0x00000060   Zero   RW         1499    .bss                c_w.l(libspace.o)
    0x2001118c   COMPRESSED   0x00000004   PAD
    0x20011190        -       0x00000200   Zero   RW          978    HEAP                startup_stm32f746xx.o
    0x20011390        -       0x00000400   Zero   RW          977    STACK               startup_stm32f746xx.o


==============================================================================

Image component sizes


      Code (inc. data)   RO Data    RW Data    ZI Data      Debug   Object Name

       144         34          0          4          0        288   asmcalls.o
       532        164          0       4112          0        532   main.o
        10          0          0          0          0        495   main_asm.o
       522         40         23          4          0      13324   retarget_io.o
        64         26        456          0       1536        868   startup_stm32f746xx.o
       100         18          0          0          0        529   system_stm32f7xx.o

    ----------------------------------------------------------------------
      1376        282        514       4132       1536      16036   Object Totals
         0          0         32          0          0          0   (incl. Generated)
         4          0          3         12          0          0   (incl. Padding)

    ----------------------------------------------------------------------

      Code (inc. data)   RO Data    RW Data    ZI Data      Debug   Library Member Name

        58          0          0          0          0          0   __dczerorl.o
         8          0          0          0          0         68   __main.o
       392          4         17          0          0         92   __printf_flags_ss_wp.o
        14          0          0          0          0         68   __printf_wp.o
         0          0          0          0          0          0   __rtentry.o
        12          0          0          0          0          0   __rtentry2.o
         6          0          0          0          0          0   __rtentry4.o
        52          8          0          0          0          0   __scatter.o
        28          0          0          0          0          0   __scatter_zi.o
        28          0          0          0          0         68   _chval.o
        60          0          0          0          0         92   _mbrtowc.o
         6          0          0          0          0          0   _printf_a.o
         6          0          0          0          0          0   _printf_c.o
        44          0          0          0          0        108   _printf_char.o
        48          6          0          0          0         96   _printf_char_common.o
        36          4          0          0          0         80   _printf_char_file.o
        40          0          0          0          0         68   _printf_charcount.o
         6          0          0          0          0          0   _printf_d.o
       120         16          0          0          0         92   _printf_dec.o
         6          0          0          0          0          0   _printf_e.o
         6          0          0          0          0          0   _printf_f.o
      1054          0          0          0          0        216   _printf_fp_dec.o
       764          8         38          0          0        100   _printf_fp_hex.o
       128         16          0          0          0         84   _printf_fp_infnan.o
         6          0          0          0          0          0   _printf_g.o
       148          4         40          0          0        160   _printf_hex_int_ll_ptr.o
         6          0          0          0          0          0   _printf_i.o
       178          0          0          0          0         88   _printf_intcommon.o
        10          0          0          0          0          0   _printf_l.o
         6          0          0          0          0          0   _printf_lc.o
        10          0          0          0          0          0   _printf_ll.o
         6          0          0          0          0          0   _printf_lld.o
         6          0          0          0          0          0   _printf_lli.o
         6          0          0          0          0          0   _printf_llo.o
         6          0          0          0          0          0   _printf_llu.o
         6          0          0          0          0          0   _printf_llx.o
       124         16          0          0          0         92   _printf_longlong_dec.o
         6          0          0          0          0          0   _printf_ls.o
         6          0          0          0          0          0   _printf_n.o
         6          0          0          0          0          0   _printf_o.o
       112         10          0          0          0        124   _printf_oct_int_ll.o
         6          0          0          0          0          0   _printf_p.o
        78          0          0          0          0        108   _printf_pad.o
         0          0          0          0          0          0   _printf_percent.o
         4          0          0          0          0          0   _printf_percent_end.o
         6          0          0          0          0          0   _printf_s.o
        82          0          0          0          0         80   _printf_str.o
        36          0          0          0          0         84   _printf_truncate.o
         6          0          0          0          0          0   _printf_u.o
        44          0          0          0          0        108   _printf_wchar.o
       188          6          8          0          0         92   _printf_wctomb.o
         6          0          0          0          0          0   _printf_x.o
        22          0          0          0          0        100   _rserrno.o
       884          6          0          0          0        100   _scanf.o
       332          0          0          0          0         96   _scanf_int.o
       342          0          0          0          0        100   _scanf_longlong.o
       276          0          0          0          0        100   _scanf_mbtowc.o
       224          0          0          0          0         96   _scanf_str.o
        30          0          0          0          0         76   _scanf_wcharmap.o
       232          0          0          0          0        100   _scanf_wctomb.o
       208          0          0          0          0         96   _scanf_wstr.o
        64          0          0          0          0         92   _wcrtomb.o
        72          0          0          0          0         92   backspace.o
       228          4        148          0          0         96   bigflt0.o
      2152        136          0          0          0        960   btod.o
        10          0          0          0          0         68   defsig_exit.o
        50          0          0          0          0         88   defsig_general.o
        80         58          0          0          0         76   defsig_rtmem_inner.o
        14          0          0          0          0         80   defsig_rtmem_outer.o
        52         38          0          0          0         76   defsig_rtred_inner.o
        14          0          0          0          0         80   defsig_rtred_outer.o
        18          0          0          0          0         80   exit.o
        76          0          0          0          0         88   fclose.o
         8          0          0          0          0         68   ferror.o
       100          4          0          0          0        120   fflush.o
        24          0          0          0          0         68   fgetc.o
       570          0          0          0          0        132   filbuf.o
       470          0          0          0          0         88   flsbuf.o
        56          6          0          0          0         80   flushlinebuffered.o
       236          4          0          0          0        128   fopen.o
        26          0          0          0          0         68   fputc.o
       248          6          0          0          0         84   fseek.o
        66          0          0          0          0         76   ftell.o
        12          6          0          0          0         68   getchar.o
        94          0          0          0          0         80   h1_alloc.o
        52          0          0          0          0         68   h1_extend.o
        78          0          0          0          0         80   h1_free.o
        14          0          0          0          0         84   h1_init.o
         6          0          0          0          0        152   heapauxi.o
         4          0          0          0          0        136   hguard.o
         0          0          0          0          0          0   indicate_semi.o
       138          0          0          0          0        168   init_alloc.o
       312         46          0          0          0        112   initio.o
        18          0          0          0          0         76   isspace.o
        44         10        272          0          0         76   lc_ctype_c.o
        44         10         28          0          0         76   lc_numeric_c.o
         2          0          0          0          0          0   libinit.o
        46          0          0          0          0          0   libinit2.o
         2          0          0          0          0          0   libshutdown.o
         6          0          0          0          0          0   libshutdown2.o
         8          4          0          0         96         68   libspace.o
        38          0          0          0          0         68   llshl.o
       138          0          0          0          0         80   lludiv10.o
         0          0          0          0          0          0   maybetermalloc1.o
        24          4          0          0          0         84   printf.o
        16          4          0          0          0         76   rt_ctype_table.o
         8          4          0          0          0         68   rt_errno_addr_intlibspace.o
         8          4          0          0          0         68   rt_heap_descriptor_intlibspace.o
         8          4          0          0          0         68   rt_locale_intlibspace.o
        78          0          0          0          0         80   rt_memclr_w.o
         2          0          0          0          0          0   rtexit.o
        10          0          0          0          0          0   rtexit2.o
        32          6          0          0          0         84   scanf.o
        44          8          0          0          0         84   scanf_char.o
        24          8          0          0          0         68   scanf_char_file.o
      1272         16          0          0          0        168   scanf_fp.o
       800         14          0          0          0        100   scanf_hexfp.o
       308         16          0          0          0        100   scanf_infnan.o
        70          0          0          0          0         80   setvbuf.o
       240          6          0          0          0        156   stdio.o
         0          0          0         12        252          0   stdio_streams.o
       104          0          0          0          0         68   strcmpv7m_pel.o
        12          4          0          0          0         68   sys_exit.o
        74          0          0          0          0         80   sys_stackheap_outer.o
        14          0          0          0          0         76   sys_wrch.o
        72         12          0          0          0         68   ungetc.o
         2          0          0          0          0         68   use_no_semi.o
        98          4          0          0          0        140   d2f.o
        16          4          0          0          0        116   dcheck1.o
        24          0          0          0          0        116   dcmpi.o
       120          4          0          0          0        140   deqf.o
       120          4          0          0          0        140   dleqf.o
       340         12          0          0          0        152   dmul.o
       156          4          0          0          0        140   dnaninf.o
        12          0          0          0          0        116   dretinf.o
       108          0          0          0          0        128   drleqf.o
         0          0         16          0          0          0   fpconst.o
        10          0          0          0          0        116   fpinit.o
        10          0          0          0          0        116   fretinf.o
         6          0          0          0          0        116   istatus.o
         4          0          0          0          0        116   printf1.o
         4          0          0          0          0        116   printf2.o
       100          0          0          0          0        116   retnan.o
        92          0          0          0          0        116   scalbn.o
         4          0          0          0          0        116   scanf1.o
         8          0          0          0          0        132   scanf2.o
        48          0          0          0          0        116   trapv.o
         0          0          0          0          0          0   usenofp.o
        64         16          0          0          0        248   dunder.o
        48          0          0          0          0        124   fpclassify.o
       140         22          0          0          0        132   frexp.o
       228          8          0          0          0        308   ldexp.o
       266         16          0          0          0        308   narrow.o

    ----------------------------------------------------------------------
     17542        640        568         12        352      12408   Library Totals
        28          0          1          0          4          0   (incl. Padding)

    ----------------------------------------------------------------------

      Code (inc. data)   RO Data    RW Data    ZI Data      Debug   Library Name

     15488        546        551         12        348       8924   c_w.l
      1280         32         16          0          0       2364   fz_wm.l
       746         62          0          0          0       1120   m_wm.l

    ----------------------------------------------------------------------
     17542        640        568         12        352      12408   Library Totals

    ----------------------------------------------------------------------

==============================================================================


      Code (inc. data)   RO Data    RW Data    ZI Data      Debug   

     18918        922       1082       4144       1888      19752   Grand Totals
     18918        922       1082         40       1888      19752   ELF Image Totals (compressed)
     18918        922       1082         40          0          0   ROM Totals

==============================================================================

    Total RO  Size (Code + RO Data)                20000 (  19.53kB)
    Total RW  Size (RW Data + ZI Data)              6032 (   5.89kB)
    Total ROM Size (Code + RO Data + RW Data)      20040 (  19.57kB)

==============================================================================

